Archive member included because of file (symbol)

c:/altera/nios2eds/bin/gnu/h-i686-mingw32/bin/../lib/gcc/nios2-elf/4.1.2/../../../../nios2-elf/lib\libc.a(lib_a-memcpy.o)
                              obj/default/media.o (memcpy)
../media_bsp/\libhal_bsp.a(alt_load.o)
                              ../media_bsp//obj/HAL/src/crt0.o (alt_load)
../media_bsp/\libhal_bsp.a(alt_main.o)
                              ../media_bsp//obj/HAL/src/crt0.o (alt_main)
../media_bsp/\libhal_bsp.a(alt_sys_init.o)
                              ../media_bsp/\libhal_bsp.a(alt_main.o) (alt_irq_init)
../media_bsp/\libhal_bsp.a(altera_avalon_jtag_uart_fd.o)
                              ../media_bsp/\libhal_bsp.a(alt_sys_init.o) (altera_avalon_jtag_uart_read_fd)
../media_bsp/\libhal_bsp.a(altera_avalon_jtag_uart_init.o)
                              ../media_bsp/\libhal_bsp.a(alt_sys_init.o) (altera_avalon_jtag_uart_init)
../media_bsp/\libhal_bsp.a(altera_avalon_jtag_uart_ioctl.o)
                              ../media_bsp/\libhal_bsp.a(altera_avalon_jtag_uart_fd.o) (altera_avalon_jtag_uart_ioctl)
../media_bsp/\libhal_bsp.a(altera_avalon_jtag_uart_read.o)
                              ../media_bsp/\libhal_bsp.a(altera_avalon_jtag_uart_fd.o) (altera_avalon_jtag_uart_read)
../media_bsp/\libhal_bsp.a(altera_avalon_jtag_uart_write.o)
                              ../media_bsp/\libhal_bsp.a(altera_avalon_jtag_uart_fd.o) (altera_avalon_jtag_uart_write)
../media_bsp/\libhal_bsp.a(altera_avalon_timer_sc.o)
                              ../media_bsp/\libhal_bsp.a(alt_sys_init.o) (alt_avalon_timer_sc_init)
../media_bsp/\libhal_bsp.a(altera_up_avalon_character_lcd.o)
                              ../media_bsp/\libhal_bsp.a(alt_sys_init.o) (alt_up_character_lcd_init)
../media_bsp/\libhal_bsp.a(altera_up_avalon_video_character_buffer_with_dma.o)
                              ../media_bsp/\libhal_bsp.a(alt_sys_init.o) (alt_up_char_buffer_init)
../media_bsp/\libhal_bsp.a(alt_alarm_start.o)
                              ../media_bsp/\libhal_bsp.a(altera_avalon_jtag_uart_init.o) (alt_alarm_start)
../media_bsp/\libhal_bsp.a(alt_close.o)
                              ../media_bsp/\libhal_bsp.a(alt_main.o) (close)
../media_bsp/\libhal_bsp.a(alt_dcache_flush_all.o)
                              ../media_bsp/\libhal_bsp.a(alt_load.o) (alt_dcache_flush_all)
../media_bsp/\libhal_bsp.a(alt_dev.o)
                              ../media_bsp/\libhal_bsp.a(alt_sys_init.o) (alt_dev_list)
../media_bsp/\libhal_bsp.a(alt_dev_llist_insert.o)
                              ../media_bsp/\libhal_bsp.a(alt_sys_init.o) (alt_dev_llist_insert)
../media_bsp/\libhal_bsp.a(alt_do_ctors.o)
                              ../media_bsp/\libhal_bsp.a(alt_main.o) (_do_ctors)
../media_bsp/\libhal_bsp.a(alt_do_dtors.o)
                              ../media_bsp/\libhal_bsp.a(alt_main.o) (_do_dtors)
../media_bsp/\libhal_bsp.a(alt_errno.o)
                              ../media_bsp/\libhal_bsp.a(alt_close.o) (alt_errno)
../media_bsp/\libhal_bsp.a(alt_find_dev.o)
                              ../media_bsp/\libhal_bsp.a(altera_up_avalon_character_lcd.o) (alt_find_dev)
../media_bsp/\libhal_bsp.a(alt_icache_flush_all.o)
                              ../media_bsp/\libhal_bsp.a(alt_load.o) (alt_icache_flush_all)
../media_bsp/\libhal_bsp.a(alt_iic.o)
                              ../media_bsp/\libhal_bsp.a(altera_avalon_jtag_uart_init.o) (alt_ic_isr_register)
../media_bsp/\libhal_bsp.a(alt_iic_isr_register.o)
                              ../media_bsp/\libhal_bsp.a(alt_iic.o) (alt_iic_isr_register)
../media_bsp/\libhal_bsp.a(alt_io_redirect.o)
                              ../media_bsp/\libhal_bsp.a(alt_main.o) (alt_io_redirect)
../media_bsp/\libhal_bsp.a(alt_irq_entry.o)
                              ../media_bsp/\libhal_bsp.a(alt_iic_isr_register.o) (alt_irq_entry)
../media_bsp/\libhal_bsp.a(alt_irq_handler.o)
                              ../media_bsp/\libhal_bsp.a(alt_iic_isr_register.o) (alt_irq_handler)
../media_bsp/\libhal_bsp.a(alt_irq_vars.o)
                              ../media_bsp/\libhal_bsp.a(alt_iic.o) (alt_irq_active)
../media_bsp/\libhal_bsp.a(alt_open.o)
                              ../media_bsp/\libhal_bsp.a(alt_io_redirect.o) (open)
../media_bsp/\libhal_bsp.a(alt_release_fd.o)
                              ../media_bsp/\libhal_bsp.a(alt_close.o) (alt_release_fd)
../media_bsp/\libhal_bsp.a(alt_tick.o)
                              ../media_bsp/\libhal_bsp.a(altera_avalon_jtag_uart_init.o) (_alt_tick_rate)
../media_bsp/\libhal_bsp.a(altera_nios2_qsys_irq.o)
                              ../media_bsp/\libhal_bsp.a(alt_sys_init.o) (altera_nios2_qsys_irq_init)
../media_bsp/\libhal_bsp.a(alt_exception_entry.o)
                              ../media_bsp/\libhal_bsp.a(alt_irq_entry.o) (alt_exception)
../media_bsp/\libhal_bsp.a(alt_find_file.o)
                              ../media_bsp/\libhal_bsp.a(alt_open.o) (alt_find_file)
../media_bsp/\libhal_bsp.a(alt_get_fd.o)
                              ../media_bsp/\libhal_bsp.a(alt_open.o) (alt_get_fd)
../media_bsp/\libhal_bsp.a(alt_icache_flush.o)
                              ../media_bsp/\libhal_bsp.a(alt_icache_flush_all.o) (alt_icache_flush)
c:/altera/nios2eds/bin/gnu/h-i686-mingw32/bin/../lib/gcc/nios2-elf/4.1.2/../../../../nios2-elf/lib\libc.a(lib_a-atexit.o)
                              ../media_bsp/\libhal_bsp.a(alt_main.o) (atexit)
c:/altera/nios2eds/bin/gnu/h-i686-mingw32/bin/../lib/gcc/nios2-elf/4.1.2/../../../../nios2-elf/lib\libc.a(lib_a-exit.o)
                              ../media_bsp/\libhal_bsp.a(alt_main.o) (exit)
c:/altera/nios2eds/bin/gnu/h-i686-mingw32/bin/../lib/gcc/nios2-elf/4.1.2/../../../../nios2-elf/lib\libc.a(lib_a-impure.o)
                              c:/altera/nios2eds/bin/gnu/h-i686-mingw32/bin/../lib/gcc/nios2-elf/4.1.2/../../../../nios2-elf/lib\libc.a(lib_a-exit.o) (_global_impure_ptr)
c:/altera/nios2eds/bin/gnu/h-i686-mingw32/bin/../lib/gcc/nios2-elf/4.1.2/../../../../nios2-elf/lib\libc.a(lib_a-int_errno.o)
                              ../media_bsp/\libhal_bsp.a(alt_close.o) (errno)
c:/altera/nios2eds/bin/gnu/h-i686-mingw32/bin/../lib/gcc/nios2-elf/4.1.2/../../../../nios2-elf/lib\libc.a(lib_a-memcmp.o)
                              ../media_bsp/\libhal_bsp.a(alt_find_dev.o) (memcmp)
c:/altera/nios2eds/bin/gnu/h-i686-mingw32/bin/../lib/gcc/nios2-elf/4.1.2/../../../../nios2-elf/lib\libc.a(lib_a-strcmp.o)
                              ../media_bsp/\libhal_bsp.a(altera_up_avalon_video_character_buffer_with_dma.o) (strcmp)
c:/altera/nios2eds/bin/gnu/h-i686-mingw32/bin/../lib/gcc/nios2-elf/4.1.2/../../../../nios2-elf/lib\libc.a(lib_a-strlen.o)
                              ../media_bsp/\libhal_bsp.a(alt_find_dev.o) (strlen)
c:/altera/nios2eds/bin/gnu/h-i686-mingw32/bin/../lib/gcc/nios2-elf/4.1.2/../../../../nios2-elf/lib\libc.a(lib_a-__atexit.o)
                              c:/altera/nios2eds/bin/gnu/h-i686-mingw32/bin/../lib/gcc/nios2-elf/4.1.2/../../../../nios2-elf/lib\libc.a(lib_a-atexit.o) (__register_exitproc)
c:/altera/nios2eds/bin/gnu/h-i686-mingw32/bin/../lib/gcc/nios2-elf/4.1.2/../../../../nios2-elf/lib\libc.a(lib_a-__call_atexit.o)
                              c:/altera/nios2eds/bin/gnu/h-i686-mingw32/bin/../lib/gcc/nios2-elf/4.1.2/../../../../nios2-elf/lib\libc.a(lib_a-exit.o) (__call_exitprocs)
../media_bsp/\libhal_bsp.a(alt_exit.o)
                              c:/altera/nios2eds/bin/gnu/h-i686-mingw32/bin/../lib/gcc/nios2-elf/4.1.2/../../../../nios2-elf/lib\libc.a(lib_a-exit.o) (_exit)

Allocating common symbols
Common symbol       size              file

alt_irq             0x100             ../media_bsp/\libhal_bsp.a(alt_irq_handler.o)
errno               0x4               c:/altera/nios2eds/bin/gnu/h-i686-mingw32/bin/../lib/gcc/nios2-elf/4.1.2/../../../../nios2-elf/lib\libc.a(lib_a-int_errno.o)
_atexit0            0x190             c:/altera/nios2eds/bin/gnu/h-i686-mingw32/bin/../lib/gcc/nios2-elf/4.1.2/../../../../nios2-elf/lib\libc.a(lib_a-atexit.o)

Memory Configuration

Name             Origin             Length             Attributes
reset            0x00000000         0x00000020
SDRAM            0x00000020         0x07ffffe0
*default*        0x00000000         0xffffffff

Linker script and memory map

LOAD ../media_bsp//obj/HAL/src/crt0.o
LOAD obj/default/media.o
LOAD c:/altera/nios2eds/bin/gnu/h-i686-mingw32/bin/../lib/gcc/nios2-elf/4.1.2/../../../../nios2-elf/lib\libstdc++.a
LOAD c:/altera/nios2eds/bin/gnu/h-i686-mingw32/bin/../lib/gcc/nios2-elf/4.1.2/../../../../nios2-elf/lib\libm.a
LOAD c:/altera/nios2eds/bin/gnu/h-i686-mingw32/bin/../lib/gcc/nios2-elf/4.1.2\libgcc.a
START GROUP
LOAD c:/altera/nios2eds/bin/gnu/h-i686-mingw32/bin/../lib/gcc/nios2-elf/4.1.2/../../../../nios2-elf/lib\libc.a
LOAD c:/altera/nios2eds/bin/gnu/h-i686-mingw32/bin/../lib/gcc/nios2-elf/4.1.2\libgcc.a
LOAD ../media_bsp/\libhal_bsp.a
END GROUP
LOAD c:/altera/nios2eds/bin/gnu/h-i686-mingw32/bin/../lib/gcc/nios2-elf/4.1.2\libgcc.a
                0x00000000                __alt_mem_SDRAM = 0x0

.entry          0x00000000       0x20
 *(.entry)
 .entry         0x00000000       0x20 ../media_bsp//obj/HAL/src/crt0.o
                0x00000000                __reset

.exceptions     0x00000020      0x194
                0x00000020                PROVIDE (__ram_exceptions_start, ABSOLUTE (.))
                0x00000020                . = ALIGN (0x20)
 *(.irq)
 *(.exceptions.entry.label)
 .exceptions.entry.label
                0x00000020        0x0 ../media_bsp/\libhal_bsp.a(alt_irq_entry.o)
                0x00000020                alt_irq_entry
 .exceptions.entry.label
                0x00000020        0x0 ../media_bsp/\libhal_bsp.a(alt_exception_entry.o)
                0x00000020                alt_exception
 *(.exceptions.entry.user)
 *(.exceptions.entry)
 .exceptions.entry
                0x00000020       0x54 ../media_bsp/\libhal_bsp.a(alt_exception_entry.o)
 *(.exceptions.irqtest.user)
 *(.exceptions.irqtest)
 .exceptions.irqtest
                0x00000074       0x10 ../media_bsp/\libhal_bsp.a(alt_irq_entry.o)
 *(.exceptions.irqhandler.user)
 *(.exceptions.irqhandler)
 .exceptions.irqhandler
                0x00000084        0x4 ../media_bsp/\libhal_bsp.a(alt_irq_entry.o)
 *(.exceptions.irqreturn.user)
 *(.exceptions.irqreturn)
 .exceptions.irqreturn
                0x00000088        0x4 ../media_bsp/\libhal_bsp.a(alt_irq_entry.o)
 *(.exceptions.notirq.label)
 .exceptions.notirq.label
                0x0000008c        0x0 ../media_bsp/\libhal_bsp.a(alt_irq_entry.o)
 *(.exceptions.notirq.user)
 *(.exceptions.notirq)
 .exceptions.notirq
                0x0000008c        0x8 ../media_bsp/\libhal_bsp.a(alt_exception_entry.o)
 *(.exceptions.soft.user)
 *(.exceptions.soft)
 *(.exceptions.unknown.user)
 *(.exceptions.unknown)
 .exceptions.unknown
                0x00000094        0x4 ../media_bsp/\libhal_bsp.a(alt_exception_entry.o)
 *(.exceptions.exit.label)
 .exceptions.exit.label
                0x00000098        0x0 ../media_bsp/\libhal_bsp.a(alt_irq_entry.o)
 .exceptions.exit.label
                0x00000098        0x0 ../media_bsp/\libhal_bsp.a(alt_exception_entry.o)
 *(.exceptions.exit.user)
 *(.exceptions.exit)
 .exceptions.exit
                0x00000098       0x54 ../media_bsp/\libhal_bsp.a(alt_exception_entry.o)
 *(.exceptions)
 .exceptions    0x000000ec       0xc8 ../media_bsp/\libhal_bsp.a(alt_irq_handler.o)
                0x000000ec                alt_irq_handler
                0x000001b4                PROVIDE (__ram_exceptions_end, ABSOLUTE (.))
                0x00000020                PROVIDE (__flash_exceptions_start, LOADADDR (.exceptions))

.text           0x000001b4     0x352c
                0x000001b4                PROVIDE (stext, ABSOLUTE (.))
 *(.interp)
 *(.hash)
 *(.dynsym)
 *(.dynstr)
 *(.gnu.version)
 *(.gnu.version_d)
 *(.gnu.version_r)
 *(.rel.init)
 *(.rela.init)
 *(.rel.text .rel.text.* .rel.gnu.linkonce.t.*)
 *(.rela.text .rela.text.* .rela.gnu.linkonce.t.*)
 *(.rel.fini)
 *(.rela.fini)
 *(.rel.rodata .rel.rodata.* .rel.gnu.linkonce.r.*)
 *(.rela.rodata .rela.rodata.* .rela.gnu.linkonce.r.*)
 *(.rel.data .rel.data.* .rel.gnu.linkonce.d.*)
 *(.rela.data .rela.data.* .rela.gnu.linkonce.d.*)
 *(.rel.tdata .rel.tdata.* .rel.gnu.linkonce.td.*)
 *(.rela.tdata .rela.tdata.* .rela.gnu.linkonce.td.*)
 *(.rel.tbss .rel.tbss.* .rel.gnu.linkonce.tb.*)
 *(.rela.tbss .rela.tbss.* .rela.gnu.linkonce.tb.*)
 *(.rel.ctors)
 *(.rela.ctors)
 *(.rel.dtors)
 *(.rela.dtors)
 *(.rel.got)
 *(.rela.got)
 *(.rel.sdata .rel.sdata.* .rel.gnu.linkonce.s.*)
 *(.rela.sdata .rela.sdata.* .rela.gnu.linkonce.s.*)
 *(.rel.sbss .rel.sbss.* .rel.gnu.linkonce.sb.*)
 *(.rela.sbss .rela.sbss.* .rela.gnu.linkonce.sb.*)
 *(.rel.sdata2 .rel.sdata2.* .rel.gnu.linkonce.s2.*)
 *(.rela.sdata2 .rela.sdata2.* .rela.gnu.linkonce.s2.*)
 *(.rel.sbss2 .rel.sbss2.* .rel.gnu.linkonce.sb2.*)
 *(.rela.sbss2 .rela.sbss2.* .rela.gnu.linkonce.sb2.*)
 *(.rel.bss .rel.bss.* .rel.gnu.linkonce.b.*)
 *(.rela.bss .rela.bss.* .rela.gnu.linkonce.b.*)
 *(.rel.plt)
 *(.rela.plt)
 *(.rel.dyn)
 *(.init)
 *(.plt)
 *(.text .stub .text.* .gnu.linkonce.t.*)
 .text          0x000001b4       0x3c ../media_bsp//obj/HAL/src/crt0.o
                0x000001b4                _start
 .text          0x000001f0      0x558 obj/default/media.o
                0x000001f0                main
                0x00000304                LCD_cursor
                0x00000370                LCD_text
                0x000003dc                LCD_cursor_off
                0x00000410                VGA_text
                0x000004a8                VGA_box
                0x0000055c                HEX_PS2
                0x00000680                check_KEYs
 .text          0x00000748       0xa0 c:/altera/nios2eds/bin/gnu/h-i686-mingw32/bin/../lib/gcc/nios2-elf/4.1.2/../../../../nios2-elf/lib\libc.a(lib_a-memcpy.o)
                0x00000748                memcpy
 .text          0x000007e8       0xec ../media_bsp/\libhal_bsp.a(alt_load.o)
                0x000007e8                alt_load
 .text          0x000008d4       0x6c ../media_bsp/\libhal_bsp.a(alt_main.o)
                0x000008d4                alt_main
 .text          0x00000940      0x394 ../media_bsp/\libhal_bsp.a(alt_sys_init.o)
                0x00000940                alt_irq_init
                0x00000974                alt_sys_init
 .text          0x00000cd4      0x148 ../media_bsp/\libhal_bsp.a(altera_avalon_jtag_uart_fd.o)
                0x00000cd4                altera_avalon_jtag_uart_read_fd
                0x00000d2c                altera_avalon_jtag_uart_write_fd
                0x00000d84                altera_avalon_jtag_uart_close_fd
                0x00000dcc                altera_avalon_jtag_uart_ioctl_fd
 .text          0x00000e1c      0x40c ../media_bsp/\libhal_bsp.a(altera_avalon_jtag_uart_init.o)
                0x00000e1c                altera_avalon_jtag_uart_init
                0x000011b4                altera_avalon_jtag_uart_close
 .text          0x00001228       0xf4 ../media_bsp/\libhal_bsp.a(altera_avalon_jtag_uart_ioctl.o)
                0x00001228                altera_avalon_jtag_uart_ioctl
 .text          0x0000131c      0x224 ../media_bsp/\libhal_bsp.a(altera_avalon_jtag_uart_read.o)
                0x0000131c                altera_avalon_jtag_uart_read
 .text          0x00001540      0x240 ../media_bsp/\libhal_bsp.a(altera_avalon_jtag_uart_write.o)
                0x00001540                altera_avalon_jtag_uart_write
 .text          0x00001780      0x100 ../media_bsp/\libhal_bsp.a(altera_avalon_timer_sc.o)
                0x000017f0                alt_avalon_timer_sc_init
 .text          0x00001880      0x530 ../media_bsp/\libhal_bsp.a(altera_up_avalon_character_lcd.o)
                0x00001880                get_DDRAM_addr
                0x000018fc                alt_up_character_lcd_send_cmd
                0x00001930                alt_up_character_lcd_init
                0x00001964                alt_up_character_lcd_open_dev
                0x000019a4                alt_up_character_lcd_write
                0x00001a1c                alt_up_character_lcd_string
                0x00001a94                alt_up_character_lcd_write_fd
                0x00001ae0                alt_up_character_lcd_set_cursor_pos
                0x00001b58                alt_up_character_lcd_shift_cursor
                0x00001c08                alt_up_character_lcd_shift_display
                0x00001cb8                alt_up_character_lcd_erase_pos
                0x00001d48                alt_up_character_lcd_cursor_off
                0x00001d7c                alt_up_character_lcd_cursor_blink_on
 .text          0x00001db0      0x304 ../media_bsp/\libhal_bsp.a(altera_up_avalon_video_character_buffer_with_dma.o)
                0x00001db0                alt_up_char_buffer_init
                0x00001e34                alt_up_char_buffer_open_dev
                0x00001e74                alt_up_char_buffer_draw
                0x00001f44                alt_up_char_buffer_string
                0x00002058                alt_up_char_buffer_clear
 .text          0x000020b4      0x154 ../media_bsp/\libhal_bsp.a(alt_alarm_start.o)
                0x000020b4                alt_alarm_start
 .text          0x00002208      0x15c ../media_bsp/\libhal_bsp.a(alt_close.o)
                0x00002208                close
 .text          0x00002364       0x1c ../media_bsp/\libhal_bsp.a(alt_dcache_flush_all.o)
                0x00002364                alt_dcache_flush_all
 .text          0x00002380       0x2c ../media_bsp/\libhal_bsp.a(alt_dev.o)
 .text          0x000023ac      0x114 ../media_bsp/\libhal_bsp.a(alt_dev_llist_insert.o)
                0x000023ac                alt_dev_llist_insert
 .text          0x000024c0       0x64 ../media_bsp/\libhal_bsp.a(alt_do_ctors.o)
                0x000024c0                _do_ctors
 .text          0x00002524       0x64 ../media_bsp/\libhal_bsp.a(alt_do_dtors.o)
                0x00002524                _do_dtors
 .text          0x00002588        0x0 ../media_bsp/\libhal_bsp.a(alt_errno.o)
 .text          0x00002588       0x94 ../media_bsp/\libhal_bsp.a(alt_find_dev.o)
                0x00002588                alt_find_dev
 .text          0x0000261c       0x30 ../media_bsp/\libhal_bsp.a(alt_icache_flush_all.o)
                0x0000261c                alt_icache_flush_all
 .text          0x0000264c      0x1d4 ../media_bsp/\libhal_bsp.a(alt_iic.o)
                0x0000264c                alt_ic_isr_register
                0x0000269c                alt_ic_irq_enable
                0x00002738                alt_ic_irq_disable
                0x000027d8                alt_ic_irq_enabled
 .text          0x00002820       0xf8 ../media_bsp/\libhal_bsp.a(alt_iic_isr_register.o)
                0x00002820                alt_iic_isr_register
 .text          0x00002918      0x13c ../media_bsp/\libhal_bsp.a(alt_io_redirect.o)
                0x000029dc                alt_io_redirect
 .text          0x00002a54        0x0 ../media_bsp/\libhal_bsp.a(alt_irq_entry.o)
 .text          0x00002a54        0x0 ../media_bsp/\libhal_bsp.a(alt_irq_handler.o)
 .text          0x00002a54        0x0 ../media_bsp/\libhal_bsp.a(alt_irq_vars.o)
 .text          0x00002a54      0x2c4 ../media_bsp/\libhal_bsp.a(alt_open.o)
                0x00002b30                open
 .text          0x00002d18       0x60 ../media_bsp/\libhal_bsp.a(alt_release_fd.o)
                0x00002d18                alt_release_fd
 .text          0x00002d78      0x1a4 ../media_bsp/\libhal_bsp.a(alt_tick.o)
                0x00002d78                alt_alarm_stop
                0x00002e10                alt_tick
 .text          0x00002f1c       0x20 ../media_bsp/\libhal_bsp.a(altera_nios2_qsys_irq.o)
                0x00002f1c                altera_nios2_qsys_irq_init
 .text          0x00002f3c        0x0 ../media_bsp/\libhal_bsp.a(alt_exception_entry.o)
 .text          0x00002f3c      0x120 ../media_bsp/\libhal_bsp.a(alt_find_file.o)
                0x00002f3c                alt_find_file
 .text          0x0000305c       0xb8 ../media_bsp/\libhal_bsp.a(alt_get_fd.o)
                0x0000305c                alt_get_fd
 .text          0x00003114       0x90 ../media_bsp/\libhal_bsp.a(alt_icache_flush.o)
                0x00003114                alt_icache_flush
 .text          0x000031a4       0x14 c:/altera/nios2eds/bin/gnu/h-i686-mingw32/bin/../lib/gcc/nios2-elf/4.1.2/../../../../nios2-elf/lib\libc.a(lib_a-atexit.o)
                0x000031a4                atexit
 .text          0x000031b8       0x38 c:/altera/nios2eds/bin/gnu/h-i686-mingw32/bin/../lib/gcc/nios2-elf/4.1.2/../../../../nios2-elf/lib\libc.a(lib_a-exit.o)
                0x000031b8                exit
 .text          0x000031f0        0x0 c:/altera/nios2eds/bin/gnu/h-i686-mingw32/bin/../lib/gcc/nios2-elf/4.1.2/../../../../nios2-elf/lib\libc.a(lib_a-impure.o)
 .text          0x000031f0        0x0 c:/altera/nios2eds/bin/gnu/h-i686-mingw32/bin/../lib/gcc/nios2-elf/4.1.2/../../../../nios2-elf/lib\libc.a(lib_a-int_errno.o)
 .text          0x000031f0       0x74 c:/altera/nios2eds/bin/gnu/h-i686-mingw32/bin/../lib/gcc/nios2-elf/4.1.2/../../../../nios2-elf/lib\libc.a(lib_a-memcmp.o)
                0x000031f0                memcmp
 .text          0x00003264       0xbc c:/altera/nios2eds/bin/gnu/h-i686-mingw32/bin/../lib/gcc/nios2-elf/4.1.2/../../../../nios2-elf/lib\libc.a(lib_a-strcmp.o)
                0x00003264                strcmp
 .text          0x00003320       0x74 c:/altera/nios2eds/bin/gnu/h-i686-mingw32/bin/../lib/gcc/nios2-elf/4.1.2/../../../../nios2-elf/lib\libc.a(lib_a-strlen.o)
                0x00003320                strlen
 .text          0x00003394      0x134 c:/altera/nios2eds/bin/gnu/h-i686-mingw32/bin/../lib/gcc/nios2-elf/4.1.2/../../../../nios2-elf/lib\libc.a(lib_a-__atexit.o)
                0x00003394                __register_exitproc
 .text          0x000034c8      0x1b4 c:/altera/nios2eds/bin/gnu/h-i686-mingw32/bin/../lib/gcc/nios2-elf/4.1.2/../../../../nios2-elf/lib\libc.a(lib_a-__call_atexit.o)
                0x000034cc                __call_exitprocs
 .text          0x0000367c       0x60 ../media_bsp/\libhal_bsp.a(alt_exit.o)
                0x000036bc                _exit
 *(.gnu.warning.*)
 *(.fini)
                0x000036dc                PROVIDE (__etext, ABSOLUTE (.))
                0x000036dc                PROVIDE (_etext, ABSOLUTE (.))
                0x000036dc                PROVIDE (etext, ABSOLUTE (.))
 *(.eh_frame_hdr)
                0x000036dc                . = ALIGN (0x4)
                0x000036dc                PROVIDE (__preinit_array_start, ABSOLUTE (.))
 *(.preinit_array)
                0x000036dc                PROVIDE (__preinit_array_end, ABSOLUTE (.))
                0x000036dc                PROVIDE (__init_array_start, ABSOLUTE (.))
 *(.init_array)
                0x000036dc                PROVIDE (__init_array_end, ABSOLUTE (.))
                0x000036dc                PROVIDE (__fini_array_start, ABSOLUTE (.))
 *(.fini_array)
                0x000036dc                PROVIDE (__fini_array_end, ABSOLUTE (.))
 *(.eh_frame)
 *(.gcc_except_table)
 *(.dynamic)
                0x000036dc                PROVIDE (__CTOR_LIST__, ABSOLUTE (.))
 *(.ctors)
 *(SORT(.ctors.*))
 .ctors.65535   0x000036dc        0x4 c:/altera/nios2eds/bin/gnu/h-i686-mingw32/bin/../lib/gcc/nios2-elf/4.1.2/../../../../nios2-elf/lib\libc.a(lib_a-__call_atexit.o)
                0x000036e0                PROVIDE (__CTOR_END__, ABSOLUTE (.))
                0x000036e0                PROVIDE (__DTOR_LIST__, ABSOLUTE (.))
 *(.dtors)
 *(SORT(.dtors.*))
                0x000036e0                PROVIDE (__DTOR_END__, ABSOLUTE (.))
 *(.jcr)
                0x000036e0                . = ALIGN (0x4)

.rodata         0x000036e0      0x108
                0x000036e0                PROVIDE (__ram_rodata_start, ABSOLUTE (.))
                0x000036e0                . = ALIGN (0x4)
 *(.rodata .rodata.* .gnu.linkonce.r.*)
 .rodata        0x000036e0       0x60 obj/default/media.o
 .rodata        0x00003740       0x10 ../media_bsp/\libhal_bsp.a(alt_main.o)
 .rodata        0x00003750       0x6c ../media_bsp/\libhal_bsp.a(alt_sys_init.o)
 .rodata        0x000037bc       0x1c ../media_bsp/\libhal_bsp.a(altera_up_avalon_video_character_buffer_with_dma.o)
 .rodata        0x000037d8        0xc ../media_bsp/\libhal_bsp.a(alt_dev.o)
 .rodata.str1.4
                0x000037e4        0x4 c:/altera/nios2eds/bin/gnu/h-i686-mingw32/bin/../lib/gcc/nios2-elf/4.1.2/../../../../nios2-elf/lib\libc.a(lib_a-impure.o)
 *(.rodata1)
                0x000037e8                . = ALIGN (0x4)
                0x000037e8                PROVIDE (__ram_rodata_end, ABSOLUTE (.))
                0x000036e0                PROVIDE (__flash_rodata_start, LOADADDR (.rodata))

.rwdata         0x000037e8     0x16fc load address 0x00004ee4
                0x000037e8                PROVIDE (__ram_rwdata_start, ABSOLUTE (.))
                0x000037e8                . = ALIGN (0x4)
 *(.got.plt)
 *(.got)
 *(.data1)
 *(.data .data.* .gnu.linkonce.d.*)
 .data          0x000037e8        0x0 ../media_bsp//obj/HAL/src/crt0.o
 .data          0x000037e8        0x0 obj/default/media.o
 .data          0x000037e8        0x0 c:/altera/nios2eds/bin/gnu/h-i686-mingw32/bin/../lib/gcc/nios2-elf/4.1.2/../../../../nios2-elf/lib\libc.a(lib_a-memcpy.o)
 .data          0x000037e8        0x0 ../media_bsp/\libhal_bsp.a(alt_load.o)
 .data          0x000037e8        0x0 ../media_bsp/\libhal_bsp.a(alt_main.o)
 .data          0x000037e8     0x1128 ../media_bsp/\libhal_bsp.a(alt_sys_init.o)
 .data          0x00004910        0x0 ../media_bsp/\libhal_bsp.a(altera_avalon_jtag_uart_fd.o)
 .data          0x00004910        0x0 ../media_bsp/\libhal_bsp.a(altera_avalon_jtag_uart_init.o)
 .data          0x00004910        0x0 ../media_bsp/\libhal_bsp.a(altera_avalon_jtag_uart_ioctl.o)
 .data          0x00004910        0x0 ../media_bsp/\libhal_bsp.a(altera_avalon_jtag_uart_read.o)
 .data          0x00004910        0x0 ../media_bsp/\libhal_bsp.a(altera_avalon_jtag_uart_write.o)
 .data          0x00004910        0x0 ../media_bsp/\libhal_bsp.a(altera_avalon_timer_sc.o)
 .data          0x00004910        0x0 ../media_bsp/\libhal_bsp.a(altera_up_avalon_character_lcd.o)
 .data          0x00004910        0x0 ../media_bsp/\libhal_bsp.a(altera_up_avalon_video_character_buffer_with_dma.o)
 .data          0x00004910        0x0 ../media_bsp/\libhal_bsp.a(alt_alarm_start.o)
 .data          0x00004910        0x0 ../media_bsp/\libhal_bsp.a(alt_close.o)
 .data          0x00004910        0x0 ../media_bsp/\libhal_bsp.a(alt_dcache_flush_all.o)
 .data          0x00004910      0x1a8 ../media_bsp/\libhal_bsp.a(alt_dev.o)
                0x00004910                alt_dev_null
                0x00004938                alt_fd_list
 .data          0x00004ab8        0x0 ../media_bsp/\libhal_bsp.a(alt_dev_llist_insert.o)
 .data          0x00004ab8        0x0 ../media_bsp/\libhal_bsp.a(alt_do_ctors.o)
 .data          0x00004ab8        0x0 ../media_bsp/\libhal_bsp.a(alt_do_dtors.o)
 .data          0x00004ab8        0x0 ../media_bsp/\libhal_bsp.a(alt_errno.o)
 .data          0x00004ab8        0x0 ../media_bsp/\libhal_bsp.a(alt_find_dev.o)
 .data          0x00004ab8        0x0 ../media_bsp/\libhal_bsp.a(alt_icache_flush_all.o)
 .data          0x00004ab8        0x0 ../media_bsp/\libhal_bsp.a(alt_iic.o)
 .data          0x00004ab8        0x0 ../media_bsp/\libhal_bsp.a(alt_iic_isr_register.o)
 .data          0x00004ab8        0x0 ../media_bsp/\libhal_bsp.a(alt_io_redirect.o)
 .data          0x00004ab8        0x0 ../media_bsp/\libhal_bsp.a(alt_irq_entry.o)
 .data          0x00004ab8        0x0 ../media_bsp/\libhal_bsp.a(alt_irq_handler.o)
 .data          0x00004ab8        0x0 ../media_bsp/\libhal_bsp.a(alt_irq_vars.o)
 .data          0x00004ab8        0x0 ../media_bsp/\libhal_bsp.a(alt_open.o)
 .data          0x00004ab8        0x0 ../media_bsp/\libhal_bsp.a(alt_release_fd.o)
 .data          0x00004ab8        0x0 ../media_bsp/\libhal_bsp.a(alt_tick.o)
 .data          0x00004ab8        0x0 ../media_bsp/\libhal_bsp.a(altera_nios2_qsys_irq.o)
 .data          0x00004ab8        0x0 ../media_bsp/\libhal_bsp.a(alt_exception_entry.o)
 .data          0x00004ab8        0x0 ../media_bsp/\libhal_bsp.a(alt_find_file.o)
 .data          0x00004ab8        0x0 ../media_bsp/\libhal_bsp.a(alt_get_fd.o)
 .data          0x00004ab8        0x0 ../media_bsp/\libhal_bsp.a(alt_icache_flush.o)
 .data          0x00004ab8        0x0 c:/altera/nios2eds/bin/gnu/h-i686-mingw32/bin/../lib/gcc/nios2-elf/4.1.2/../../../../nios2-elf/lib\libc.a(lib_a-atexit.o)
 .data          0x00004ab8        0x0 c:/altera/nios2eds/bin/gnu/h-i686-mingw32/bin/../lib/gcc/nios2-elf/4.1.2/../../../../nios2-elf/lib\libc.a(lib_a-exit.o)
 .data          0x00004ab8      0x400 c:/altera/nios2eds/bin/gnu/h-i686-mingw32/bin/../lib/gcc/nios2-elf/4.1.2/../../../../nios2-elf/lib\libc.a(lib_a-impure.o)
 .data          0x00004eb8        0x0 c:/altera/nios2eds/bin/gnu/h-i686-mingw32/bin/../lib/gcc/nios2-elf/4.1.2/../../../../nios2-elf/lib\libc.a(lib_a-int_errno.o)
 .data          0x00004eb8        0x0 c:/altera/nios2eds/bin/gnu/h-i686-mingw32/bin/../lib/gcc/nios2-elf/4.1.2/../../../../nios2-elf/lib\libc.a(lib_a-memcmp.o)
 .data          0x00004eb8        0x0 c:/altera/nios2eds/bin/gnu/h-i686-mingw32/bin/../lib/gcc/nios2-elf/4.1.2/../../../../nios2-elf/lib\libc.a(lib_a-strcmp.o)
 .data          0x00004eb8        0x0 c:/altera/nios2eds/bin/gnu/h-i686-mingw32/bin/../lib/gcc/nios2-elf/4.1.2/../../../../nios2-elf/lib\libc.a(lib_a-strlen.o)
 .data          0x00004eb8        0x0 c:/altera/nios2eds/bin/gnu/h-i686-mingw32/bin/../lib/gcc/nios2-elf/4.1.2/../../../../nios2-elf/lib\libc.a(lib_a-__atexit.o)
 .data          0x00004eb8        0x0 c:/altera/nios2eds/bin/gnu/h-i686-mingw32/bin/../lib/gcc/nios2-elf/4.1.2/../../../../nios2-elf/lib\libc.a(lib_a-__call_atexit.o)
 .data          0x00004eb8        0x0 ../media_bsp/\libhal_bsp.a(alt_exit.o)
                0x0000ceb8                _gp = ABSOLUTE ((. + 0x8000))
                0x0000ceb8                PROVIDE (gp, _gp)
 *(.rwdata .rwdata.*)
 *(.sdata .sdata.* .gnu.linkonce.s.*)
 .sdata         0x00004eb8       0x14 ../media_bsp/\libhal_bsp.a(alt_dev.o)
                0x00004eb8                alt_fs_list
                0x00004ec0                alt_dev_list
                0x00004ec8                alt_max_fd
 .sdata         0x00004ecc        0x4 ../media_bsp/\libhal_bsp.a(alt_errno.o)
                0x00004ecc                alt_errno
 .sdata         0x00004ed0        0x4 ../media_bsp/\libhal_bsp.a(alt_irq_vars.o)
                0x00004ed0                alt_priority_mask
 .sdata         0x00004ed4        0x8 ../media_bsp/\libhal_bsp.a(alt_tick.o)
                0x00004ed4                alt_alarm_list
 .sdata         0x00004edc        0x8 c:/altera/nios2eds/bin/gnu/h-i686-mingw32/bin/../lib/gcc/nios2-elf/4.1.2/../../../../nios2-elf/lib\libc.a(lib_a-impure.o)
                0x00004edc                _impure_ptr
                0x00004ee0                _global_impure_ptr
 *(.sdata2 .sdata2.* .gnu.linkonce.s2.*)
                0x00004ee4                . = ALIGN (0x4)
                0x00004ee4                _edata = ABSOLUTE (.)
                0x00004ee4                PROVIDE (edata, ABSOLUTE (.))
                0x00004ee4                PROVIDE (__ram_rwdata_end, ABSOLUTE (.))
                0x00004ee4                PROVIDE (__flash_rwdata_start, LOADADDR (.rwdata))

.bss            0x000065e0      0x2ac
                0x000065e0                __bss_start = ABSOLUTE (.)
                0x000065e0                PROVIDE (__sbss_start, ABSOLUTE (.))
                0x000065e0                PROVIDE (___sbss_start, ABSOLUTE (.))
 *(.dynsbss)
 *(.sbss .sbss.* .gnu.linkonce.sb.*)
 .sbss          0x000065e0        0xc ../media_bsp/\libhal_bsp.a(alt_main.o)
                0x000065e0                alt_argc
                0x000065e4                alt_argv
                0x000065e8                alt_envp
 .sbss          0x000065ec        0x4 ../media_bsp/\libhal_bsp.a(alt_irq_vars.o)
                0x000065ec                alt_irq_active
 .sbss          0x000065f0        0x8 ../media_bsp/\libhal_bsp.a(alt_tick.o)
                0x000065f0                _alt_tick_rate
                0x000065f4                _alt_nticks
 .sbss          0x000065f8        0x4 c:/altera/nios2eds/bin/gnu/h-i686-mingw32/bin/../lib/gcc/nios2-elf/4.1.2/../../../../nios2-elf/lib\libc.a(lib_a-int_errno.o)
                0x000065f8                errno
 *(.sbss2 .sbss2.* .gnu.linkonce.sb2.*)
 *(.scommon)
                0x000065fc                PROVIDE (__sbss_end, ABSOLUTE (.))
                0x000065fc                PROVIDE (___sbss_end, ABSOLUTE (.))
 *(.dynbss)
 *(.bss .bss.* .gnu.linkonce.b.*)
 .bss           0x000065fc        0x0 ../media_bsp//obj/HAL/src/crt0.o
 .bss           0x000065fc        0x0 obj/default/media.o
 .bss           0x000065fc        0x0 c:/altera/nios2eds/bin/gnu/h-i686-mingw32/bin/../lib/gcc/nios2-elf/4.1.2/../../../../nios2-elf/lib\libc.a(lib_a-memcpy.o)
 .bss           0x000065fc        0x0 ../media_bsp/\libhal_bsp.a(alt_load.o)
 .bss           0x000065fc        0x0 ../media_bsp/\libhal_bsp.a(alt_main.o)
 .bss           0x000065fc        0x0 ../media_bsp/\libhal_bsp.a(alt_sys_init.o)
 .bss           0x000065fc        0x0 ../media_bsp/\libhal_bsp.a(altera_avalon_jtag_uart_fd.o)
 .bss           0x000065fc        0x0 ../media_bsp/\libhal_bsp.a(altera_avalon_jtag_uart_init.o)
 .bss           0x000065fc        0x0 ../media_bsp/\libhal_bsp.a(altera_avalon_jtag_uart_ioctl.o)
 .bss           0x000065fc        0x0 ../media_bsp/\libhal_bsp.a(altera_avalon_jtag_uart_read.o)
 .bss           0x000065fc        0x0 ../media_bsp/\libhal_bsp.a(altera_avalon_jtag_uart_write.o)
 .bss           0x000065fc        0x0 ../media_bsp/\libhal_bsp.a(altera_avalon_timer_sc.o)
 .bss           0x000065fc        0x0 ../media_bsp/\libhal_bsp.a(altera_up_avalon_character_lcd.o)
 .bss           0x000065fc        0x0 ../media_bsp/\libhal_bsp.a(altera_up_avalon_video_character_buffer_with_dma.o)
 .bss           0x000065fc        0x0 ../media_bsp/\libhal_bsp.a(alt_alarm_start.o)
 .bss           0x000065fc        0x0 ../media_bsp/\libhal_bsp.a(alt_close.o)
 .bss           0x000065fc        0x0 ../media_bsp/\libhal_bsp.a(alt_dcache_flush_all.o)
 .bss           0x000065fc        0x0 ../media_bsp/\libhal_bsp.a(alt_dev.o)
 .bss           0x000065fc        0x0 ../media_bsp/\libhal_bsp.a(alt_dev_llist_insert.o)
 .bss           0x000065fc        0x0 ../media_bsp/\libhal_bsp.a(alt_do_ctors.o)
 .bss           0x000065fc        0x0 ../media_bsp/\libhal_bsp.a(alt_do_dtors.o)
 .bss           0x000065fc        0x0 ../media_bsp/\libhal_bsp.a(alt_errno.o)
 .bss           0x000065fc        0x0 ../media_bsp/\libhal_bsp.a(alt_find_dev.o)
 .bss           0x000065fc        0x0 ../media_bsp/\libhal_bsp.a(alt_icache_flush_all.o)
 .bss           0x000065fc        0x0 ../media_bsp/\libhal_bsp.a(alt_iic.o)
 .bss           0x000065fc        0x0 ../media_bsp/\libhal_bsp.a(alt_iic_isr_register.o)
 .bss           0x000065fc        0x0 ../media_bsp/\libhal_bsp.a(alt_io_redirect.o)
 .bss           0x000065fc        0x0 ../media_bsp/\libhal_bsp.a(alt_irq_entry.o)
 .bss           0x000065fc        0x0 ../media_bsp/\libhal_bsp.a(alt_irq_handler.o)
 .bss           0x000065fc        0x0 ../media_bsp/\libhal_bsp.a(alt_irq_vars.o)
 .bss           0x000065fc        0x0 ../media_bsp/\libhal_bsp.a(alt_open.o)
 .bss           0x000065fc        0x0 ../media_bsp/\libhal_bsp.a(alt_release_fd.o)
 .bss           0x000065fc        0x0 ../media_bsp/\libhal_bsp.a(alt_tick.o)
 .bss           0x000065fc        0x0 ../media_bsp/\libhal_bsp.a(altera_nios2_qsys_irq.o)
 .bss           0x000065fc        0x0 ../media_bsp/\libhal_bsp.a(alt_exception_entry.o)
 .bss           0x000065fc        0x0 ../media_bsp/\libhal_bsp.a(alt_find_file.o)
 .bss           0x000065fc        0x0 ../media_bsp/\libhal_bsp.a(alt_get_fd.o)
 .bss           0x000065fc        0x0 ../media_bsp/\libhal_bsp.a(alt_icache_flush.o)
 .bss           0x000065fc        0x0 c:/altera/nios2eds/bin/gnu/h-i686-mingw32/bin/../lib/gcc/nios2-elf/4.1.2/../../../../nios2-elf/lib\libc.a(lib_a-atexit.o)
 .bss           0x000065fc        0x0 c:/altera/nios2eds/bin/gnu/h-i686-mingw32/bin/../lib/gcc/nios2-elf/4.1.2/../../../../nios2-elf/lib\libc.a(lib_a-exit.o)
 .bss           0x000065fc        0x0 c:/altera/nios2eds/bin/gnu/h-i686-mingw32/bin/../lib/gcc/nios2-elf/4.1.2/../../../../nios2-elf/lib\libc.a(lib_a-impure.o)
 .bss           0x000065fc        0x0 c:/altera/nios2eds/bin/gnu/h-i686-mingw32/bin/../lib/gcc/nios2-elf/4.1.2/../../../../nios2-elf/lib\libc.a(lib_a-int_errno.o)
 .bss           0x000065fc        0x0 c:/altera/nios2eds/bin/gnu/h-i686-mingw32/bin/../lib/gcc/nios2-elf/4.1.2/../../../../nios2-elf/lib\libc.a(lib_a-memcmp.o)
 .bss           0x000065fc        0x0 c:/altera/nios2eds/bin/gnu/h-i686-mingw32/bin/../lib/gcc/nios2-elf/4.1.2/../../../../nios2-elf/lib\libc.a(lib_a-strcmp.o)
 .bss           0x000065fc        0x0 c:/altera/nios2eds/bin/gnu/h-i686-mingw32/bin/../lib/gcc/nios2-elf/4.1.2/../../../../nios2-elf/lib\libc.a(lib_a-strlen.o)
 .bss           0x000065fc        0x0 c:/altera/nios2eds/bin/gnu/h-i686-mingw32/bin/../lib/gcc/nios2-elf/4.1.2/../../../../nios2-elf/lib\libc.a(lib_a-__atexit.o)
 .bss           0x000065fc        0x0 c:/altera/nios2eds/bin/gnu/h-i686-mingw32/bin/../lib/gcc/nios2-elf/4.1.2/../../../../nios2-elf/lib\libc.a(lib_a-__call_atexit.o)
 .bss           0x000065fc        0x0 ../media_bsp/\libhal_bsp.a(alt_exit.o)
 *(COMMON)
 COMMON         0x000065fc      0x100 ../media_bsp/\libhal_bsp.a(alt_irq_handler.o)
                0x000065fc                alt_irq
 COMMON         0x000066fc      0x190 c:/altera/nios2eds/bin/gnu/h-i686-mingw32/bin/../lib/gcc/nios2-elf/4.1.2/../../../../nios2-elf/lib\libc.a(lib_a-atexit.o)
                0x000066fc                _atexit0
                0x0000688c                . = ALIGN (0x4)
                0x0000688c                __bss_end = ABSOLUTE (.)

.SDRAM          0x0000688c        0x0
                0x0000688c                PROVIDE (_alt_partition_SDRAM_start, ABSOLUTE (.))
 *(.SDRAM. SDRAM.*)
                0x0000688c                . = ALIGN (0x4)
                0x0000688c                PROVIDE (_alt_partition_SDRAM_end, ABSOLUTE (.))
                0x0000688c                _end = ABSOLUTE (.)
                0x0000688c                end = ABSOLUTE (.)
                0x0000688c                __alt_stack_base = ABSOLUTE (.)
                0x0000688c                PROVIDE (_alt_partition_SDRAM_load_addr, LOADADDR (.SDRAM))

.stab
 *(.stab)

.stabstr
 *(.stabstr)

.stab.excl
 *(.stab.excl)

.stab.exclstr
 *(.stab.exclstr)

.stab.index
 *(.stab.index)

.stab.indexstr
 *(.stab.indexstr)

.comment        0x00000000       0x26
 *(.comment)
 .comment       0x00000000       0x26 obj/default/media.o
                                 0x27 (size before relaxing)
 .comment       0x00000000       0x27 c:/altera/nios2eds/bin/gnu/h-i686-mingw32/bin/../lib/gcc/nios2-elf/4.1.2/../../../../nios2-elf/lib\libc.a(lib_a-memcpy.o)
 .comment       0x00000000       0x27 ../media_bsp/\libhal_bsp.a(alt_load.o)
 .comment       0x00000000       0x27 ../media_bsp/\libhal_bsp.a(alt_main.o)
 .comment       0x00000000       0x27 ../media_bsp/\libhal_bsp.a(alt_sys_init.o)
 .comment       0x00000000       0x27 ../media_bsp/\libhal_bsp.a(altera_avalon_jtag_uart_fd.o)
 .comment       0x00000000       0x27 ../media_bsp/\libhal_bsp.a(altera_avalon_jtag_uart_init.o)
 .comment       0x00000000       0x27 ../media_bsp/\libhal_bsp.a(altera_avalon_jtag_uart_ioctl.o)
 .comment       0x00000000       0x27 ../media_bsp/\libhal_bsp.a(altera_avalon_jtag_uart_read.o)
 .comment       0x00000000       0x27 ../media_bsp/\libhal_bsp.a(altera_avalon_jtag_uart_write.o)
 .comment       0x00000000       0x27 ../media_bsp/\libhal_bsp.a(altera_avalon_timer_sc.o)
 .comment       0x00000000       0x27 ../media_bsp/\libhal_bsp.a(altera_up_avalon_character_lcd.o)
 .comment       0x00000000       0x27 ../media_bsp/\libhal_bsp.a(altera_up_avalon_video_character_buffer_with_dma.o)
 .comment       0x00000000       0x27 ../media_bsp/\libhal_bsp.a(alt_alarm_start.o)
 .comment       0x00000000       0x27 ../media_bsp/\libhal_bsp.a(alt_close.o)
 .comment       0x00000000       0x27 ../media_bsp/\libhal_bsp.a(alt_dcache_flush_all.o)
 .comment       0x00000000       0x27 ../media_bsp/\libhal_bsp.a(alt_dev.o)
 .comment       0x00000000       0x27 ../media_bsp/\libhal_bsp.a(alt_dev_llist_insert.o)
 .comment       0x00000000       0x27 ../media_bsp/\libhal_bsp.a(alt_do_ctors.o)
 .comment       0x00000000       0x27 ../media_bsp/\libhal_bsp.a(alt_do_dtors.o)
 .comment       0x00000000       0x27 ../media_bsp/\libhal_bsp.a(alt_errno.o)
 .comment       0x00000000       0x27 ../media_bsp/\libhal_bsp.a(alt_find_dev.o)
 .comment       0x00000000       0x27 ../media_bsp/\libhal_bsp.a(alt_icache_flush_all.o)
 .comment       0x00000000       0x27 ../media_bsp/\libhal_bsp.a(alt_iic.o)
 .comment       0x00000000       0x27 ../media_bsp/\libhal_bsp.a(alt_iic_isr_register.o)
 .comment       0x00000000       0x27 ../media_bsp/\libhal_bsp.a(alt_io_redirect.o)
 .comment       0x00000000       0x27 ../media_bsp/\libhal_bsp.a(alt_irq_handler.o)
 .comment       0x00000000       0x27 ../media_bsp/\libhal_bsp.a(alt_irq_vars.o)
 .comment       0x00000000       0x27 ../media_bsp/\libhal_bsp.a(alt_open.o)
 .comment       0x00000000       0x27 ../media_bsp/\libhal_bsp.a(alt_release_fd.o)
 .comment       0x00000000       0x27 ../media_bsp/\libhal_bsp.a(alt_tick.o)
 .comment       0x00000000       0x27 ../media_bsp/\libhal_bsp.a(altera_nios2_qsys_irq.o)
 .comment       0x00000000       0x27 ../media_bsp/\libhal_bsp.a(alt_find_file.o)
 .comment       0x00000000       0x27 ../media_bsp/\libhal_bsp.a(alt_get_fd.o)
 .comment       0x00000000       0x27 ../media_bsp/\libhal_bsp.a(alt_icache_flush.o)
 .comment       0x00000000       0x27 c:/altera/nios2eds/bin/gnu/h-i686-mingw32/bin/../lib/gcc/nios2-elf/4.1.2/../../../../nios2-elf/lib\libc.a(lib_a-atexit.o)
 .comment       0x00000000       0x27 c:/altera/nios2eds/bin/gnu/h-i686-mingw32/bin/../lib/gcc/nios2-elf/4.1.2/../../../../nios2-elf/lib\libc.a(lib_a-exit.o)
 .comment       0x00000000       0x27 c:/altera/nios2eds/bin/gnu/h-i686-mingw32/bin/../lib/gcc/nios2-elf/4.1.2/../../../../nios2-elf/lib\libc.a(lib_a-impure.o)
 .comment       0x00000000       0x27 c:/altera/nios2eds/bin/gnu/h-i686-mingw32/bin/../lib/gcc/nios2-elf/4.1.2/../../../../nios2-elf/lib\libc.a(lib_a-int_errno.o)
 .comment       0x00000000       0x27 c:/altera/nios2eds/bin/gnu/h-i686-mingw32/bin/../lib/gcc/nios2-elf/4.1.2/../../../../nios2-elf/lib\libc.a(lib_a-memcmp.o)
 .comment       0x00000000       0x27 c:/altera/nios2eds/bin/gnu/h-i686-mingw32/bin/../lib/gcc/nios2-elf/4.1.2/../../../../nios2-elf/lib\libc.a(lib_a-strcmp.o)
 .comment       0x00000000       0x27 c:/altera/nios2eds/bin/gnu/h-i686-mingw32/bin/../lib/gcc/nios2-elf/4.1.2/../../../../nios2-elf/lib\libc.a(lib_a-strlen.o)
 .comment       0x00000000       0x27 c:/altera/nios2eds/bin/gnu/h-i686-mingw32/bin/../lib/gcc/nios2-elf/4.1.2/../../../../nios2-elf/lib\libc.a(lib_a-__atexit.o)
 .comment       0x00000000       0x27 c:/altera/nios2eds/bin/gnu/h-i686-mingw32/bin/../lib/gcc/nios2-elf/4.1.2/../../../../nios2-elf/lib\libc.a(lib_a-__call_atexit.o)
 .comment       0x00000000       0x27 ../media_bsp/\libhal_bsp.a(alt_exit.o)

.debug
 *(.debug)

.line
 *(.line)

.debug_srcinfo
 *(.debug_srcinfo)

.debug_sfnames
 *(.debug_sfnames)

.debug_aranges  0x00000000      0x5b8
 *(.debug_aranges)
 .debug_aranges
                0x00000000       0x28 ../media_bsp//obj/HAL/src/crt0.o
 .debug_aranges
                0x00000028       0x20 obj/default/media.o
 .debug_aranges
                0x00000048       0x20 c:/altera/nios2eds/bin/gnu/h-i686-mingw32/bin/../lib/gcc/nios2-elf/4.1.2/../../../../nios2-elf/lib\libc.a(lib_a-memcpy.o)
 .debug_aranges
                0x00000068       0x20 ../media_bsp/\libhal_bsp.a(alt_load.o)
 .debug_aranges
                0x00000088       0x20 ../media_bsp/\libhal_bsp.a(alt_main.o)
 .debug_aranges
                0x000000a8       0x20 ../media_bsp/\libhal_bsp.a(alt_sys_init.o)
 .debug_aranges
                0x000000c8       0x20 ../media_bsp/\libhal_bsp.a(altera_avalon_jtag_uart_fd.o)
 .debug_aranges
                0x000000e8       0x20 ../media_bsp/\libhal_bsp.a(altera_avalon_jtag_uart_init.o)
 .debug_aranges
                0x00000108       0x20 ../media_bsp/\libhal_bsp.a(altera_avalon_jtag_uart_ioctl.o)
 .debug_aranges
                0x00000128       0x20 ../media_bsp/\libhal_bsp.a(altera_avalon_jtag_uart_read.o)
 .debug_aranges
                0x00000148       0x20 ../media_bsp/\libhal_bsp.a(altera_avalon_jtag_uart_write.o)
 .debug_aranges
                0x00000168       0x20 ../media_bsp/\libhal_bsp.a(altera_avalon_timer_sc.o)
 .debug_aranges
                0x00000188       0x20 ../media_bsp/\libhal_bsp.a(altera_up_avalon_character_lcd.o)
 .debug_aranges
                0x000001a8       0x20 ../media_bsp/\libhal_bsp.a(altera_up_avalon_video_character_buffer_with_dma.o)
 .debug_aranges
                0x000001c8       0x20 ../media_bsp/\libhal_bsp.a(alt_alarm_start.o)
 .debug_aranges
                0x000001e8       0x20 ../media_bsp/\libhal_bsp.a(alt_close.o)
 .debug_aranges
                0x00000208       0x20 ../media_bsp/\libhal_bsp.a(alt_dcache_flush_all.o)
 .debug_aranges
                0x00000228       0x20 ../media_bsp/\libhal_bsp.a(alt_dev.o)
 .debug_aranges
                0x00000248       0x20 ../media_bsp/\libhal_bsp.a(alt_dev_llist_insert.o)
 .debug_aranges
                0x00000268       0x20 ../media_bsp/\libhal_bsp.a(alt_do_ctors.o)
 .debug_aranges
                0x00000288       0x20 ../media_bsp/\libhal_bsp.a(alt_do_dtors.o)
 .debug_aranges
                0x000002a8       0x20 ../media_bsp/\libhal_bsp.a(alt_find_dev.o)
 .debug_aranges
                0x000002c8       0x20 ../media_bsp/\libhal_bsp.a(alt_icache_flush_all.o)
 .debug_aranges
                0x000002e8       0x20 ../media_bsp/\libhal_bsp.a(alt_iic.o)
 .debug_aranges
                0x00000308       0x20 ../media_bsp/\libhal_bsp.a(alt_iic_isr_register.o)
 .debug_aranges
                0x00000328       0x20 ../media_bsp/\libhal_bsp.a(alt_io_redirect.o)
 .debug_aranges
                0x00000348       0x30 ../media_bsp/\libhal_bsp.a(alt_irq_entry.o)
 .debug_aranges
                0x00000378       0x28 ../media_bsp/\libhal_bsp.a(alt_irq_handler.o)
 .debug_aranges
                0x000003a0       0x20 ../media_bsp/\libhal_bsp.a(alt_open.o)
 .debug_aranges
                0x000003c0       0x20 ../media_bsp/\libhal_bsp.a(alt_release_fd.o)
 .debug_aranges
                0x000003e0       0x20 ../media_bsp/\libhal_bsp.a(alt_tick.o)
 .debug_aranges
                0x00000400       0x20 ../media_bsp/\libhal_bsp.a(altera_nios2_qsys_irq.o)
 .debug_aranges
                0x00000420       0x38 ../media_bsp/\libhal_bsp.a(alt_exception_entry.o)
 .debug_aranges
                0x00000458       0x20 ../media_bsp/\libhal_bsp.a(alt_find_file.o)
 .debug_aranges
                0x00000478       0x20 ../media_bsp/\libhal_bsp.a(alt_get_fd.o)
 .debug_aranges
                0x00000498       0x20 ../media_bsp/\libhal_bsp.a(alt_icache_flush.o)
 .debug_aranges
                0x000004b8       0x20 c:/altera/nios2eds/bin/gnu/h-i686-mingw32/bin/../lib/gcc/nios2-elf/4.1.2/../../../../nios2-elf/lib\libc.a(lib_a-atexit.o)
 .debug_aranges
                0x000004d8       0x20 c:/altera/nios2eds/bin/gnu/h-i686-mingw32/bin/../lib/gcc/nios2-elf/4.1.2/../../../../nios2-elf/lib\libc.a(lib_a-exit.o)
 .debug_aranges
                0x000004f8       0x20 c:/altera/nios2eds/bin/gnu/h-i686-mingw32/bin/../lib/gcc/nios2-elf/4.1.2/../../../../nios2-elf/lib\libc.a(lib_a-memcmp.o)
 .debug_aranges
                0x00000518       0x20 c:/altera/nios2eds/bin/gnu/h-i686-mingw32/bin/../lib/gcc/nios2-elf/4.1.2/../../../../nios2-elf/lib\libc.a(lib_a-strcmp.o)
 .debug_aranges
                0x00000538       0x20 c:/altera/nios2eds/bin/gnu/h-i686-mingw32/bin/../lib/gcc/nios2-elf/4.1.2/../../../../nios2-elf/lib\libc.a(lib_a-strlen.o)
 .debug_aranges
                0x00000558       0x20 c:/altera/nios2eds/bin/gnu/h-i686-mingw32/bin/../lib/gcc/nios2-elf/4.1.2/../../../../nios2-elf/lib\libc.a(lib_a-__atexit.o)
 .debug_aranges
                0x00000578       0x20 c:/altera/nios2eds/bin/gnu/h-i686-mingw32/bin/../lib/gcc/nios2-elf/4.1.2/../../../../nios2-elf/lib\libc.a(lib_a-__call_atexit.o)
 .debug_aranges
                0x00000598       0x20 ../media_bsp/\libhal_bsp.a(alt_exit.o)

.debug_pubnames
                0x00000000      0xae2
 *(.debug_pubnames)
 .debug_pubnames
                0x00000000       0x7e obj/default/media.o
 .debug_pubnames
                0x0000007e       0x1d c:/altera/nios2eds/bin/gnu/h-i686-mingw32/bin/../lib/gcc/nios2-elf/4.1.2/../../../../nios2-elf/lib\libc.a(lib_a-memcpy.o)
 .debug_pubnames
                0x0000009b       0x1f ../media_bsp/\libhal_bsp.a(alt_load.o)
 .debug_pubnames
                0x000000ba       0x46 ../media_bsp/\libhal_bsp.a(alt_main.o)
 .debug_pubnames
                0x00000100       0x34 ../media_bsp/\libhal_bsp.a(alt_sys_init.o)
 .debug_pubnames
                0x00000134       0xa5 ../media_bsp/\libhal_bsp.a(altera_avalon_jtag_uart_fd.o)
 .debug_pubnames
                0x000001d9       0x55 ../media_bsp/\libhal_bsp.a(altera_avalon_jtag_uart_init.o)
 .debug_pubnames
                0x0000022e       0x34 ../media_bsp/\libhal_bsp.a(altera_avalon_jtag_uart_ioctl.o)
 .debug_pubnames
                0x00000262       0x33 ../media_bsp/\libhal_bsp.a(altera_avalon_jtag_uart_read.o)
 .debug_pubnames
                0x00000295       0x34 ../media_bsp/\libhal_bsp.a(altera_avalon_jtag_uart_write.o)
 .debug_pubnames
                0x000002c9       0x2f ../media_bsp/\libhal_bsp.a(altera_avalon_timer_sc.o)
 .debug_pubnames
                0x000002f8      0x1cd ../media_bsp/\libhal_bsp.a(altera_up_avalon_character_lcd.o)
 .debug_pubnames
                0x000004c5       0xa5 ../media_bsp/\libhal_bsp.a(altera_up_avalon_video_character_buffer_with_dma.o)
 .debug_pubnames
                0x0000056a       0x26 ../media_bsp/\libhal_bsp.a(alt_alarm_start.o)
 .debug_pubnames
                0x00000590       0x1c ../media_bsp/\libhal_bsp.a(alt_close.o)
 .debug_pubnames
                0x000005ac       0x2b ../media_bsp/\libhal_bsp.a(alt_dcache_flush_all.o)
 .debug_pubnames
                0x000005d7       0x63 ../media_bsp/\libhal_bsp.a(alt_dev.o)
 .debug_pubnames
                0x0000063a       0x2b ../media_bsp/\libhal_bsp.a(alt_dev_llist_insert.o)
 .debug_pubnames
                0x00000665       0x20 ../media_bsp/\libhal_bsp.a(alt_do_ctors.o)
 .debug_pubnames
                0x00000685       0x20 ../media_bsp/\libhal_bsp.a(alt_do_dtors.o)
 .debug_pubnames
                0x000006a5       0x20 ../media_bsp/\libhal_bsp.a(alt_errno.o)
 .debug_pubnames
                0x000006c5       0x23 ../media_bsp/\libhal_bsp.a(alt_find_dev.o)
 .debug_pubnames
                0x000006e8       0x2b ../media_bsp/\libhal_bsp.a(alt_icache_flush_all.o)
 .debug_pubnames
                0x00000713       0x6e ../media_bsp/\libhal_bsp.a(alt_iic.o)
 .debug_pubnames
                0x00000781       0x2b ../media_bsp/\libhal_bsp.a(alt_iic_isr_register.o)
 .debug_pubnames
                0x000007ac       0x26 ../media_bsp/\libhal_bsp.a(alt_io_redirect.o)
 .debug_pubnames
                0x000007d2       0x32 ../media_bsp/\libhal_bsp.a(alt_irq_handler.o)
 .debug_pubnames
                0x00000804       0x3b ../media_bsp/\libhal_bsp.a(alt_irq_vars.o)
 .debug_pubnames
                0x0000083f       0x1b ../media_bsp/\libhal_bsp.a(alt_open.o)
 .debug_pubnames
                0x0000085a       0x25 ../media_bsp/\libhal_bsp.a(alt_release_fd.o)
 .debug_pubnames
                0x0000087f       0x68 ../media_bsp/\libhal_bsp.a(alt_tick.o)
 .debug_pubnames
                0x000008e7       0x31 ../media_bsp/\libhal_bsp.a(altera_nios2_qsys_irq.o)
 .debug_pubnames
                0x00000918       0x24 ../media_bsp/\libhal_bsp.a(alt_find_file.o)
 .debug_pubnames
                0x0000093c       0x21 ../media_bsp/\libhal_bsp.a(alt_get_fd.o)
 .debug_pubnames
                0x0000095d       0x27 ../media_bsp/\libhal_bsp.a(alt_icache_flush.o)
 .debug_pubnames
                0x00000984       0x2a c:/altera/nios2eds/bin/gnu/h-i686-mingw32/bin/../lib/gcc/nios2-elf/4.1.2/../../../../nios2-elf/lib\libc.a(lib_a-atexit.o)
 .debug_pubnames
                0x000009ae       0x1b c:/altera/nios2eds/bin/gnu/h-i686-mingw32/bin/../lib/gcc/nios2-elf/4.1.2/../../../../nios2-elf/lib\libc.a(lib_a-exit.o)
 .debug_pubnames
                0x000009c9       0x39 c:/altera/nios2eds/bin/gnu/h-i686-mingw32/bin/../lib/gcc/nios2-elf/4.1.2/../../../../nios2-elf/lib\libc.a(lib_a-impure.o)
 .debug_pubnames
                0x00000a02       0x1c c:/altera/nios2eds/bin/gnu/h-i686-mingw32/bin/../lib/gcc/nios2-elf/4.1.2/../../../../nios2-elf/lib\libc.a(lib_a-int_errno.o)
 .debug_pubnames
                0x00000a1e       0x1d c:/altera/nios2eds/bin/gnu/h-i686-mingw32/bin/../lib/gcc/nios2-elf/4.1.2/../../../../nios2-elf/lib\libc.a(lib_a-memcmp.o)
 .debug_pubnames
                0x00000a3b       0x1d c:/altera/nios2eds/bin/gnu/h-i686-mingw32/bin/../lib/gcc/nios2-elf/4.1.2/../../../../nios2-elf/lib\libc.a(lib_a-strcmp.o)
 .debug_pubnames
                0x00000a58       0x1d c:/altera/nios2eds/bin/gnu/h-i686-mingw32/bin/../lib/gcc/nios2-elf/4.1.2/../../../../nios2-elf/lib\libc.a(lib_a-strlen.o)
 .debug_pubnames
                0x00000a75       0x2a c:/altera/nios2eds/bin/gnu/h-i686-mingw32/bin/../lib/gcc/nios2-elf/4.1.2/../../../../nios2-elf/lib\libc.a(lib_a-__atexit.o)
 .debug_pubnames
                0x00000a9f       0x27 c:/altera/nios2eds/bin/gnu/h-i686-mingw32/bin/../lib/gcc/nios2-elf/4.1.2/../../../../nios2-elf/lib\libc.a(lib_a-__call_atexit.o)
 .debug_pubnames
                0x00000ac6       0x1c ../media_bsp/\libhal_bsp.a(alt_exit.o)

.debug_info     0x00000000     0xb75f
 *(.debug_info .gnu.linkonce.wi.*)
 .debug_info    0x00000000       0x71 ../media_bsp//obj/HAL/src/crt0.o
 .debug_info    0x00000071      0x51e obj/default/media.o
 .debug_info    0x0000058f      0x106 c:/altera/nios2eds/bin/gnu/h-i686-mingw32/bin/../lib/gcc/nios2-elf/4.1.2/../../../../nios2-elf/lib\libc.a(lib_a-memcpy.o)
 .debug_info    0x00000695      0x283 ../media_bsp/\libhal_bsp.a(alt_load.o)
 .debug_info    0x00000918      0x21b ../media_bsp/\libhal_bsp.a(alt_main.o)
 .debug_info    0x00000b33      0x97d ../media_bsp/\libhal_bsp.a(alt_sys_init.o)
 .debug_info    0x000014b0      0x7cf ../media_bsp/\libhal_bsp.a(altera_avalon_jtag_uart_fd.o)
 .debug_info    0x00001c7f      0x5f7 ../media_bsp/\libhal_bsp.a(altera_avalon_jtag_uart_init.o)
 .debug_info    0x00002276      0x439 ../media_bsp/\libhal_bsp.a(altera_avalon_jtag_uart_ioctl.o)
 .debug_info    0x000026af      0x53c ../media_bsp/\libhal_bsp.a(altera_avalon_jtag_uart_read.o)
 .debug_info    0x00002beb      0x534 ../media_bsp/\libhal_bsp.a(altera_avalon_jtag_uart_write.o)
 .debug_info    0x0000311f      0x381 ../media_bsp/\libhal_bsp.a(altera_avalon_timer_sc.o)
 .debug_info    0x000034a0      0x8df ../media_bsp/\libhal_bsp.a(altera_up_avalon_character_lcd.o)
 .debug_info    0x00003d7f      0x688 ../media_bsp/\libhal_bsp.a(altera_up_avalon_video_character_buffer_with_dma.o)
 .debug_info    0x00004407      0x438 ../media_bsp/\libhal_bsp.a(alt_alarm_start.o)
 .debug_info    0x0000483f      0x45d ../media_bsp/\libhal_bsp.a(alt_close.o)
 .debug_info    0x00004c9c      0x152 ../media_bsp/\libhal_bsp.a(alt_dcache_flush_all.o)
 .debug_info    0x00004dee      0x675 ../media_bsp/\libhal_bsp.a(alt_dev.o)
 .debug_info    0x00005463      0x2ad ../media_bsp/\libhal_bsp.a(alt_dev_llist_insert.o)
 .debug_info    0x00005710      0x105 ../media_bsp/\libhal_bsp.a(alt_do_ctors.o)
 .debug_info    0x00005815      0x104 ../media_bsp/\libhal_bsp.a(alt_do_dtors.o)
 .debug_info    0x00005919      0x15a ../media_bsp/\libhal_bsp.a(alt_errno.o)
 .debug_info    0x00005a73      0x40e ../media_bsp/\libhal_bsp.a(alt_find_dev.o)
 .debug_info    0x00005e81      0x152 ../media_bsp/\libhal_bsp.a(alt_icache_flush_all.o)
 .debug_info    0x00005fd3      0x489 ../media_bsp/\libhal_bsp.a(alt_iic.o)
 .debug_info    0x0000645c      0x30a ../media_bsp/\libhal_bsp.a(alt_iic_isr_register.o)
 .debug_info    0x00006766      0x68b ../media_bsp/\libhal_bsp.a(alt_io_redirect.o)
 .debug_info    0x00006df1       0x7a ../media_bsp/\libhal_bsp.a(alt_irq_entry.o)
 .debug_info    0x00006e6b      0x26b ../media_bsp/\libhal_bsp.a(alt_irq_handler.o)
 .debug_info    0x000070d6      0x15d ../media_bsp/\libhal_bsp.a(alt_irq_vars.o)
 .debug_info    0x00007233      0x51b ../media_bsp/\libhal_bsp.a(alt_open.o)
 .debug_info    0x0000774e      0x3e8 ../media_bsp/\libhal_bsp.a(alt_release_fd.o)
 .debug_info    0x00007b36      0x3f4 ../media_bsp/\libhal_bsp.a(alt_tick.o)
 .debug_info    0x00007f2a      0x159 ../media_bsp/\libhal_bsp.a(altera_nios2_qsys_irq.o)
 .debug_info    0x00008083       0x80 ../media_bsp/\libhal_bsp.a(alt_exception_entry.o)
 .debug_info    0x00008103      0x415 ../media_bsp/\libhal_bsp.a(alt_find_file.o)
 .debug_info    0x00008518      0x456 ../media_bsp/\libhal_bsp.a(alt_get_fd.o)
 .debug_info    0x0000896e      0x19a ../media_bsp/\libhal_bsp.a(alt_icache_flush.o)
 .debug_info    0x00008b08      0x181 c:/altera/nios2eds/bin/gnu/h-i686-mingw32/bin/../lib/gcc/nios2-elf/4.1.2/../../../../nios2-elf/lib\libc.a(lib_a-atexit.o)
 .debug_info    0x00008c89      0x93f c:/altera/nios2eds/bin/gnu/h-i686-mingw32/bin/../lib/gcc/nios2-elf/4.1.2/../../../../nios2-elf/lib\libc.a(lib_a-exit.o)
 .debug_info    0x000095c8      0x93d c:/altera/nios2eds/bin/gnu/h-i686-mingw32/bin/../lib/gcc/nios2-elf/4.1.2/../../../../nios2-elf/lib\libc.a(lib_a-impure.o)
 .debug_info    0x00009f05       0x8c c:/altera/nios2eds/bin/gnu/h-i686-mingw32/bin/../lib/gcc/nios2-elf/4.1.2/../../../../nios2-elf/lib\libc.a(lib_a-int_errno.o)
 .debug_info    0x00009f91      0x115 c:/altera/nios2eds/bin/gnu/h-i686-mingw32/bin/../lib/gcc/nios2-elf/4.1.2/../../../../nios2-elf/lib\libc.a(lib_a-memcmp.o)
 .debug_info    0x0000a0a6       0xdd c:/altera/nios2eds/bin/gnu/h-i686-mingw32/bin/../lib/gcc/nios2-elf/4.1.2/../../../../nios2-elf/lib\libc.a(lib_a-strcmp.o)
 .debug_info    0x0000a183       0xdb c:/altera/nios2eds/bin/gnu/h-i686-mingw32/bin/../lib/gcc/nios2-elf/4.1.2/../../../../nios2-elf/lib\libc.a(lib_a-strlen.o)
 .debug_info    0x0000a25e      0x99c c:/altera/nios2eds/bin/gnu/h-i686-mingw32/bin/../lib/gcc/nios2-elf/4.1.2/../../../../nios2-elf/lib\libc.a(lib_a-__atexit.o)
 .debug_info    0x0000abfa      0x9e2 c:/altera/nios2eds/bin/gnu/h-i686-mingw32/bin/../lib/gcc/nios2-elf/4.1.2/../../../../nios2-elf/lib\libc.a(lib_a-__call_atexit.o)
 .debug_info    0x0000b5dc      0x183 ../media_bsp/\libhal_bsp.a(alt_exit.o)

.debug_abbrev   0x00000000     0x2896
 *(.debug_abbrev)
 .debug_abbrev  0x00000000       0x12 ../media_bsp//obj/HAL/src/crt0.o
 .debug_abbrev  0x00000012       0xb6 obj/default/media.o
 .debug_abbrev  0x000000c8       0xb5 c:/altera/nios2eds/bin/gnu/h-i686-mingw32/bin/../lib/gcc/nios2-elf/4.1.2/../../../../nios2-elf/lib\libc.a(lib_a-memcpy.o)
 .debug_abbrev  0x0000017d       0x88 ../media_bsp/\libhal_bsp.a(alt_load.o)
 .debug_abbrev  0x00000205       0xb7 ../media_bsp/\libhal_bsp.a(alt_main.o)
 .debug_abbrev  0x000002bc      0x161 ../media_bsp/\libhal_bsp.a(alt_sys_init.o)
 .debug_abbrev  0x0000041d       0xf7 ../media_bsp/\libhal_bsp.a(altera_avalon_jtag_uart_fd.o)
 .debug_abbrev  0x00000514      0x17c ../media_bsp/\libhal_bsp.a(altera_avalon_jtag_uart_init.o)
 .debug_abbrev  0x00000690       0xf0 ../media_bsp/\libhal_bsp.a(altera_avalon_jtag_uart_ioctl.o)
 .debug_abbrev  0x00000780      0x191 ../media_bsp/\libhal_bsp.a(altera_avalon_jtag_uart_read.o)
 .debug_abbrev  0x00000911      0x18d ../media_bsp/\libhal_bsp.a(altera_avalon_jtag_uart_write.o)
 .debug_abbrev  0x00000a9e      0x137 ../media_bsp/\libhal_bsp.a(altera_avalon_timer_sc.o)
 .debug_abbrev  0x00000bd5      0x127 ../media_bsp/\libhal_bsp.a(altera_up_avalon_character_lcd.o)
 .debug_abbrev  0x00000cfc      0x111 ../media_bsp/\libhal_bsp.a(altera_up_avalon_video_character_buffer_with_dma.o)
 .debug_abbrev  0x00000e0d      0x172 ../media_bsp/\libhal_bsp.a(alt_alarm_start.o)
 .debug_abbrev  0x00000f7f       0xfb ../media_bsp/\libhal_bsp.a(alt_close.o)
 .debug_abbrev  0x0000107a       0x3f ../media_bsp/\libhal_bsp.a(alt_dcache_flush_all.o)
 .debug_abbrev  0x000010b9       0xc7 ../media_bsp/\libhal_bsp.a(alt_dev.o)
 .debug_abbrev  0x00001180       0xf6 ../media_bsp/\libhal_bsp.a(alt_dev_llist_insert.o)
 .debug_abbrev  0x00001276       0x76 ../media_bsp/\libhal_bsp.a(alt_do_ctors.o)
 .debug_abbrev  0x000012ec       0x76 ../media_bsp/\libhal_bsp.a(alt_do_dtors.o)
 .debug_abbrev  0x00001362       0x5e ../media_bsp/\libhal_bsp.a(alt_errno.o)
 .debug_abbrev  0x000013c0       0xcf ../media_bsp/\libhal_bsp.a(alt_find_dev.o)
 .debug_abbrev  0x0000148f       0x3f ../media_bsp/\libhal_bsp.a(alt_icache_flush_all.o)
 .debug_abbrev  0x000014ce      0x134 ../media_bsp/\libhal_bsp.a(alt_iic.o)
 .debug_abbrev  0x00001602      0x14e ../media_bsp/\libhal_bsp.a(alt_iic_isr_register.o)
 .debug_abbrev  0x00001750       0xf0 ../media_bsp/\libhal_bsp.a(alt_io_redirect.o)
 .debug_abbrev  0x00001840       0x12 ../media_bsp/\libhal_bsp.a(alt_irq_entry.o)
 .debug_abbrev  0x00001852      0x10c ../media_bsp/\libhal_bsp.a(alt_irq_handler.o)
 .debug_abbrev  0x0000195e       0x44 ../media_bsp/\libhal_bsp.a(alt_irq_vars.o)
 .debug_abbrev  0x000019a2      0x112 ../media_bsp/\libhal_bsp.a(alt_open.o)
 .debug_abbrev  0x00001ab4       0xc1 ../media_bsp/\libhal_bsp.a(alt_release_fd.o)
 .debug_abbrev  0x00001b75      0x150 ../media_bsp/\libhal_bsp.a(alt_tick.o)
 .debug_abbrev  0x00001cc5       0x3f ../media_bsp/\libhal_bsp.a(altera_nios2_qsys_irq.o)
 .debug_abbrev  0x00001d04       0x12 ../media_bsp/\libhal_bsp.a(alt_exception_entry.o)
 .debug_abbrev  0x00001d16       0xcf ../media_bsp/\libhal_bsp.a(alt_find_file.o)
 .debug_abbrev  0x00001de5       0xfb ../media_bsp/\libhal_bsp.a(alt_get_fd.o)
 .debug_abbrev  0x00001ee0       0x7a ../media_bsp/\libhal_bsp.a(alt_icache_flush.o)
 .debug_abbrev  0x00001f5a       0xb7 c:/altera/nios2eds/bin/gnu/h-i686-mingw32/bin/../lib/gcc/nios2-elf/4.1.2/../../../../nios2-elf/lib\libc.a(lib_a-atexit.o)
 .debug_abbrev  0x00002011      0x16e c:/altera/nios2eds/bin/gnu/h-i686-mingw32/bin/../lib/gcc/nios2-elf/4.1.2/../../../../nios2-elf/lib\libc.a(lib_a-exit.o)
 .debug_abbrev  0x0000217f      0x157 c:/altera/nios2eds/bin/gnu/h-i686-mingw32/bin/../lib/gcc/nios2-elf/4.1.2/../../../../nios2-elf/lib\libc.a(lib_a-impure.o)
 .debug_abbrev  0x000022d6       0x3b c:/altera/nios2eds/bin/gnu/h-i686-mingw32/bin/../lib/gcc/nios2-elf/4.1.2/../../../../nios2-elf/lib\libc.a(lib_a-int_errno.o)
 .debug_abbrev  0x00002311       0x7c c:/altera/nios2eds/bin/gnu/h-i686-mingw32/bin/../lib/gcc/nios2-elf/4.1.2/../../../../nios2-elf/lib\libc.a(lib_a-memcmp.o)
 .debug_abbrev  0x0000238d       0x80 c:/altera/nios2eds/bin/gnu/h-i686-mingw32/bin/../lib/gcc/nios2-elf/4.1.2/../../../../nios2-elf/lib\libc.a(lib_a-strcmp.o)
 .debug_abbrev  0x0000240d       0x8b c:/altera/nios2eds/bin/gnu/h-i686-mingw32/bin/../lib/gcc/nios2-elf/4.1.2/../../../../nios2-elf/lib\libc.a(lib_a-strlen.o)
 .debug_abbrev  0x00002498      0x1ae c:/altera/nios2eds/bin/gnu/h-i686-mingw32/bin/../lib/gcc/nios2-elf/4.1.2/../../../../nios2-elf/lib\libc.a(lib_a-__atexit.o)
 .debug_abbrev  0x00002646      0x1de c:/altera/nios2eds/bin/gnu/h-i686-mingw32/bin/../lib/gcc/nios2-elf/4.1.2/../../../../nios2-elf/lib\libc.a(lib_a-__call_atexit.o)
 .debug_abbrev  0x00002824       0x72 ../media_bsp/\libhal_bsp.a(alt_exit.o)

.debug_line     0x00000000     0x6fda
 *(.debug_line)
 .debug_line    0x00000000       0x6c ../media_bsp//obj/HAL/src/crt0.o
 .debug_line    0x0000006c      0x424 obj/default/media.o
 .debug_line    0x00000490      0x1ac c:/altera/nios2eds/bin/gnu/h-i686-mingw32/bin/../lib/gcc/nios2-elf/4.1.2/../../../../nios2-elf/lib\libc.a(lib_a-memcpy.o)
 .debug_line    0x0000063c      0x207 ../media_bsp/\libhal_bsp.a(alt_load.o)
 .debug_line    0x00000843      0x2ba ../media_bsp/\libhal_bsp.a(alt_main.o)
 .debug_line    0x00000afd      0x356 ../media_bsp/\libhal_bsp.a(alt_sys_init.o)
 .debug_line    0x00000e53      0x20f ../media_bsp/\libhal_bsp.a(altera_avalon_jtag_uart_fd.o)
 .debug_line    0x00001062      0x49b ../media_bsp/\libhal_bsp.a(altera_avalon_jtag_uart_init.o)
 .debug_line    0x000014fd      0x307 ../media_bsp/\libhal_bsp.a(altera_avalon_jtag_uart_ioctl.o)
 .debug_line    0x00001804      0x3e7 ../media_bsp/\libhal_bsp.a(altera_avalon_jtag_uart_read.o)
 .debug_line    0x00001beb      0x3f5 ../media_bsp/\libhal_bsp.a(altera_avalon_jtag_uart_write.o)
 .debug_line    0x00001fe0      0x2a3 ../media_bsp/\libhal_bsp.a(altera_avalon_timer_sc.o)
 .debug_line    0x00002283      0x476 ../media_bsp/\libhal_bsp.a(altera_up_avalon_character_lcd.o)
 .debug_line    0x000026f9      0x385 ../media_bsp/\libhal_bsp.a(altera_up_avalon_video_character_buffer_with_dma.o)
 .debug_line    0x00002a7e      0x2cc ../media_bsp/\libhal_bsp.a(alt_alarm_start.o)
 .debug_line    0x00002d4a      0x289 ../media_bsp/\libhal_bsp.a(alt_close.o)
 .debug_line    0x00002fd3      0x1a5 ../media_bsp/\libhal_bsp.a(alt_dcache_flush_all.o)
 .debug_line    0x00003178      0x244 ../media_bsp/\libhal_bsp.a(alt_dev.o)
 .debug_line    0x000033bc      0x24a ../media_bsp/\libhal_bsp.a(alt_dev_llist_insert.o)
 .debug_line    0x00003606       0x83 ../media_bsp/\libhal_bsp.a(alt_do_ctors.o)
 .debug_line    0x00003689       0x83 ../media_bsp/\libhal_bsp.a(alt_do_dtors.o)
 .debug_line    0x0000370c      0x19a ../media_bsp/\libhal_bsp.a(alt_errno.o)
 .debug_line    0x000038a6      0x25b ../media_bsp/\libhal_bsp.a(alt_find_dev.o)
 .debug_line    0x00003b01      0x1ad ../media_bsp/\libhal_bsp.a(alt_icache_flush_all.o)
 .debug_line    0x00003cae      0x2b8 ../media_bsp/\libhal_bsp.a(alt_iic.o)
 .debug_line    0x00003f66      0x239 ../media_bsp/\libhal_bsp.a(alt_iic_isr_register.o)
 .debug_line    0x0000419f      0x2a4 ../media_bsp/\libhal_bsp.a(alt_io_redirect.o)
 .debug_line    0x00004443       0x6b ../media_bsp/\libhal_bsp.a(alt_irq_entry.o)
 .debug_line    0x000044ae      0x238 ../media_bsp/\libhal_bsp.a(alt_irq_handler.o)
 .debug_line    0x000046e6       0x72 ../media_bsp/\libhal_bsp.a(alt_irq_vars.o)
 .debug_line    0x00004758      0x2ef ../media_bsp/\libhal_bsp.a(alt_open.o)
 .debug_line    0x00004a47       0xed ../media_bsp/\libhal_bsp.a(alt_release_fd.o)
 .debug_line    0x00004b34      0x2cc ../media_bsp/\libhal_bsp.a(alt_tick.o)
 .debug_line    0x00004e00      0x1be ../media_bsp/\libhal_bsp.a(altera_nios2_qsys_irq.o)
 .debug_line    0x00004fbe       0xab ../media_bsp/\libhal_bsp.a(alt_exception_entry.o)
 .debug_line    0x00005069      0x26c ../media_bsp/\libhal_bsp.a(alt_find_file.o)
 .debug_line    0x000052d5      0x287 ../media_bsp/\libhal_bsp.a(alt_get_fd.o)
 .debug_line    0x0000555c      0x1e9 ../media_bsp/\libhal_bsp.a(alt_icache_flush.o)
 .debug_line    0x00005745      0x200 c:/altera/nios2eds/bin/gnu/h-i686-mingw32/bin/../lib/gcc/nios2-elf/4.1.2/../../../../nios2-elf/lib\libc.a(lib_a-atexit.o)
 .debug_line    0x00005945      0x238 c:/altera/nios2eds/bin/gnu/h-i686-mingw32/bin/../lib/gcc/nios2-elf/4.1.2/../../../../nios2-elf/lib\libc.a(lib_a-exit.o)
 .debug_line    0x00005b7d      0x22d c:/altera/nios2eds/bin/gnu/h-i686-mingw32/bin/../lib/gcc/nios2-elf/4.1.2/../../../../nios2-elf/lib\libc.a(lib_a-impure.o)
 .debug_line    0x00005daa      0x1df c:/altera/nios2eds/bin/gnu/h-i686-mingw32/bin/../lib/gcc/nios2-elf/4.1.2/../../../../nios2-elf/lib\libc.a(lib_a-int_errno.o)
 .debug_line    0x00005f89      0x29f c:/altera/nios2eds/bin/gnu/h-i686-mingw32/bin/../lib/gcc/nios2-elf/4.1.2/../../../../nios2-elf/lib\libc.a(lib_a-memcmp.o)
 .debug_line    0x00006228      0x2d5 c:/altera/nios2eds/bin/gnu/h-i686-mingw32/bin/../lib/gcc/nios2-elf/4.1.2/../../../../nios2-elf/lib\libc.a(lib_a-strcmp.o)
 .debug_line    0x000064fd      0x26d c:/altera/nios2eds/bin/gnu/h-i686-mingw32/bin/../lib/gcc/nios2-elf/4.1.2/../../../../nios2-elf/lib\libc.a(lib_a-strlen.o)
 .debug_line    0x0000676a      0x313 c:/altera/nios2eds/bin/gnu/h-i686-mingw32/bin/../lib/gcc/nios2-elf/4.1.2/../../../../nios2-elf/lib\libc.a(lib_a-__atexit.o)
 .debug_line    0x00006a7d      0x367 c:/altera/nios2eds/bin/gnu/h-i686-mingw32/bin/../lib/gcc/nios2-elf/4.1.2/../../../../nios2-elf/lib\libc.a(lib_a-__call_atexit.o)
 .debug_line    0x00006de4      0x1f6 ../media_bsp/\libhal_bsp.a(alt_exit.o)

.debug_frame    0x00000000      0xba8
 *(.debug_frame)
 .debug_frame   0x00000000       0xf0 obj/default/media.o
 .debug_frame   0x000000f0       0x20 c:/altera/nios2eds/bin/gnu/h-i686-mingw32/bin/../lib/gcc/nios2-elf/4.1.2/../../../../nios2-elf/lib\libc.a(lib_a-memcpy.o)
 .debug_frame   0x00000110       0x48 ../media_bsp/\libhal_bsp.a(alt_load.o)
 .debug_frame   0x00000158       0x2c ../media_bsp/\libhal_bsp.a(alt_main.o)
 .debug_frame   0x00000184       0x64 ../media_bsp/\libhal_bsp.a(alt_sys_init.o)
 .debug_frame   0x000001e8       0x80 ../media_bsp/\libhal_bsp.a(altera_avalon_jtag_uart_fd.o)
 .debug_frame   0x00000268       0x80 ../media_bsp/\libhal_bsp.a(altera_avalon_jtag_uart_init.o)
 .debug_frame   0x000002e8       0x2c ../media_bsp/\libhal_bsp.a(altera_avalon_jtag_uart_ioctl.o)
 .debug_frame   0x00000314       0x2c ../media_bsp/\libhal_bsp.a(altera_avalon_jtag_uart_read.o)
 .debug_frame   0x00000340       0x2c ../media_bsp/\libhal_bsp.a(altera_avalon_jtag_uart_write.o)
 .debug_frame   0x0000036c       0x48 ../media_bsp/\libhal_bsp.a(altera_avalon_timer_sc.o)
 .debug_frame   0x000003b4      0x17c ../media_bsp/\libhal_bsp.a(altera_up_avalon_character_lcd.o)
 .debug_frame   0x00000530       0x9c ../media_bsp/\libhal_bsp.a(altera_up_avalon_video_character_buffer_with_dma.o)
 .debug_frame   0x000005cc       0x2c ../media_bsp/\libhal_bsp.a(alt_alarm_start.o)
 .debug_frame   0x000005f8       0x48 ../media_bsp/\libhal_bsp.a(alt_close.o)
 .debug_frame   0x00000640       0x2c ../media_bsp/\libhal_bsp.a(alt_dcache_flush_all.o)
 .debug_frame   0x0000066c       0x2c ../media_bsp/\libhal_bsp.a(alt_dev.o)
 .debug_frame   0x00000698       0x48 ../media_bsp/\libhal_bsp.a(alt_dev_llist_insert.o)
 .debug_frame   0x000006e0       0x2c ../media_bsp/\libhal_bsp.a(alt_do_ctors.o)
 .debug_frame   0x0000070c       0x2c ../media_bsp/\libhal_bsp.a(alt_do_dtors.o)
 .debug_frame   0x00000738       0x2c ../media_bsp/\libhal_bsp.a(alt_find_dev.o)
 .debug_frame   0x00000764       0x2c ../media_bsp/\libhal_bsp.a(alt_icache_flush_all.o)
 .debug_frame   0x00000790       0x80 ../media_bsp/\libhal_bsp.a(alt_iic.o)
 .debug_frame   0x00000810       0x2c ../media_bsp/\libhal_bsp.a(alt_iic_isr_register.o)
 .debug_frame   0x0000083c       0x48 ../media_bsp/\libhal_bsp.a(alt_io_redirect.o)
 .debug_frame   0x00000884       0x2c ../media_bsp/\libhal_bsp.a(alt_irq_handler.o)
 .debug_frame   0x000008b0       0x64 ../media_bsp/\libhal_bsp.a(alt_open.o)
 .debug_frame   0x00000914       0x2c ../media_bsp/\libhal_bsp.a(alt_release_fd.o)
 .debug_frame   0x00000940       0x48 ../media_bsp/\libhal_bsp.a(alt_tick.o)
 .debug_frame   0x00000988       0x2c ../media_bsp/\libhal_bsp.a(altera_nios2_qsys_irq.o)
 .debug_frame   0x000009b4       0x2c ../media_bsp/\libhal_bsp.a(alt_find_file.o)
 .debug_frame   0x000009e0       0x2c ../media_bsp/\libhal_bsp.a(alt_get_fd.o)
 .debug_frame   0x00000a0c       0x2c ../media_bsp/\libhal_bsp.a(alt_icache_flush.o)
 .debug_frame   0x00000a38       0x20 c:/altera/nios2eds/bin/gnu/h-i686-mingw32/bin/../lib/gcc/nios2-elf/4.1.2/../../../../nios2-elf/lib\libc.a(lib_a-atexit.o)
 .debug_frame   0x00000a58       0x28 c:/altera/nios2eds/bin/gnu/h-i686-mingw32/bin/../lib/gcc/nios2-elf/4.1.2/../../../../nios2-elf/lib\libc.a(lib_a-exit.o)
 .debug_frame   0x00000a80       0x20 c:/altera/nios2eds/bin/gnu/h-i686-mingw32/bin/../lib/gcc/nios2-elf/4.1.2/../../../../nios2-elf/lib\libc.a(lib_a-memcmp.o)
 .debug_frame   0x00000aa0       0x20 c:/altera/nios2eds/bin/gnu/h-i686-mingw32/bin/../lib/gcc/nios2-elf/4.1.2/../../../../nios2-elf/lib\libc.a(lib_a-strcmp.o)
 .debug_frame   0x00000ac0       0x20 c:/altera/nios2eds/bin/gnu/h-i686-mingw32/bin/../lib/gcc/nios2-elf/4.1.2/../../../../nios2-elf/lib\libc.a(lib_a-strlen.o)
 .debug_frame   0x00000ae0       0x34 c:/altera/nios2eds/bin/gnu/h-i686-mingw32/bin/../lib/gcc/nios2-elf/4.1.2/../../../../nios2-elf/lib\libc.a(lib_a-__atexit.o)
 .debug_frame   0x00000b14       0x4c c:/altera/nios2eds/bin/gnu/h-i686-mingw32/bin/../lib/gcc/nios2-elf/4.1.2/../../../../nios2-elf/lib\libc.a(lib_a-__call_atexit.o)
 .debug_frame   0x00000b60       0x48 ../media_bsp/\libhal_bsp.a(alt_exit.o)

.debug_str      0x00000000      0xc3f
 *(.debug_str)
 .debug_str     0x00000000       0x2b obj/default/media.o
 .debug_str     0x0000002b      0x108 c:/altera/nios2eds/bin/gnu/h-i686-mingw32/bin/../lib/gcc/nios2-elf/4.1.2/../../../../nios2-elf/lib\libc.a(lib_a-memcpy.o)
                                0x128 (size before relaxing)
 .debug_str     0x00000133       0x12 ../media_bsp/\libhal_bsp.a(alt_load.o)
 .debug_str     0x00000145       0x12 ../media_bsp/\libhal_bsp.a(alt_main.o)
 .debug_str     0x00000157       0xb0 ../media_bsp/\libhal_bsp.a(alt_sys_init.o)
 .debug_str     0x00000207       0x12 ../media_bsp/\libhal_bsp.a(altera_avalon_jtag_uart_fd.o)
 .debug_str     0x00000219       0x1a ../media_bsp/\libhal_bsp.a(altera_avalon_jtag_uart_init.o)
 .debug_str     0x00000233       0x12 ../media_bsp/\libhal_bsp.a(altera_avalon_jtag_uart_ioctl.o)
 .debug_str     0x00000245       0x1a ../media_bsp/\libhal_bsp.a(altera_avalon_jtag_uart_read.o)
 .debug_str     0x0000025f       0x1a ../media_bsp/\libhal_bsp.a(altera_avalon_jtag_uart_write.o)
 .debug_str     0x00000279       0x12 ../media_bsp/\libhal_bsp.a(altera_avalon_timer_sc.o)
 .debug_str     0x0000028b       0x55 ../media_bsp/\libhal_bsp.a(altera_up_avalon_character_lcd.o)
 .debug_str     0x000002e0       0x35 ../media_bsp/\libhal_bsp.a(altera_up_avalon_video_character_buffer_with_dma.o)
 .debug_str     0x00000315       0x23 ../media_bsp/\libhal_bsp.a(alt_alarm_start.o)
 .debug_str     0x00000338       0x12 ../media_bsp/\libhal_bsp.a(alt_close.o)
 .debug_str     0x0000034a       0x12 ../media_bsp/\libhal_bsp.a(alt_dcache_flush_all.o)
 .debug_str     0x0000035c       0x12 ../media_bsp/\libhal_bsp.a(alt_dev.o)
 .debug_str     0x0000036e       0x12 ../media_bsp/\libhal_bsp.a(alt_dev_llist_insert.o)
 .debug_str     0x00000380       0x12 ../media_bsp/\libhal_bsp.a(alt_errno.o)
 .debug_str     0x00000392       0x12 ../media_bsp/\libhal_bsp.a(alt_find_dev.o)
 .debug_str     0x000003a4       0x12 ../media_bsp/\libhal_bsp.a(alt_icache_flush_all.o)
 .debug_str     0x000003b6       0x18 ../media_bsp/\libhal_bsp.a(alt_iic.o)
 .debug_str     0x000003ce       0x1a ../media_bsp/\libhal_bsp.a(alt_iic_isr_register.o)
 .debug_str     0x000003e8       0x12 ../media_bsp/\libhal_bsp.a(alt_io_redirect.o)
 .debug_str     0x000003fa       0x12 ../media_bsp/\libhal_bsp.a(alt_irq_handler.o)
 .debug_str     0x0000040c       0x12 ../media_bsp/\libhal_bsp.a(alt_open.o)
 .debug_str     0x0000041e       0x1a ../media_bsp/\libhal_bsp.a(alt_tick.o)
 .debug_str     0x00000438       0x12 ../media_bsp/\libhal_bsp.a(altera_nios2_qsys_irq.o)
 .debug_str     0x0000044a       0x12 ../media_bsp/\libhal_bsp.a(alt_find_file.o)
 .debug_str     0x0000045c       0x12 ../media_bsp/\libhal_bsp.a(alt_get_fd.o)
 .debug_str     0x0000046e       0x12 ../media_bsp/\libhal_bsp.a(alt_icache_flush.o)
 .debug_str     0x00000480      0x16d c:/altera/nios2eds/bin/gnu/h-i686-mingw32/bin/../lib/gcc/nios2-elf/4.1.2/../../../../nios2-elf/lib\libc.a(lib_a-atexit.o)
                                0x1bf (size before relaxing)
 .debug_str     0x000005ed      0x384 c:/altera/nios2eds/bin/gnu/h-i686-mingw32/bin/../lib/gcc/nios2-elf/4.1.2/../../../../nios2-elf/lib\libc.a(lib_a-exit.o)
                                0x50c (size before relaxing)
 .debug_str     0x00000971       0xd1 c:/altera/nios2eds/bin/gnu/h-i686-mingw32/bin/../lib/gcc/nios2-elf/4.1.2/../../../../nios2-elf/lib\libc.a(lib_a-impure.o)
                                0x51a (size before relaxing)
 .debug_str     0x00000a42       0x3d c:/altera/nios2eds/bin/gnu/h-i686-mingw32/bin/../lib/gcc/nios2-elf/4.1.2/../../../../nios2-elf/lib\libc.a(lib_a-int_errno.o)
                                0x163 (size before relaxing)
 .debug_str     0x00000a7f       0x42 c:/altera/nios2eds/bin/gnu/h-i686-mingw32/bin/../lib/gcc/nios2-elf/4.1.2/../../../../nios2-elf/lib\libc.a(lib_a-memcmp.o)
                                0x16a (size before relaxing)
 .debug_str     0x00000ac1       0x42 c:/altera/nios2eds/bin/gnu/h-i686-mingw32/bin/../lib/gcc/nios2-elf/4.1.2/../../../../nios2-elf/lib\libc.a(lib_a-strcmp.o)
                                0x163 (size before relaxing)
 .debug_str     0x00000b03       0x4f c:/altera/nios2eds/bin/gnu/h-i686-mingw32/bin/../lib/gcc/nios2-elf/4.1.2/../../../../nios2-elf/lib\libc.a(lib_a-strlen.o)
                                0x17d (size before relaxing)
 .debug_str     0x00000b52       0x56 c:/altera/nios2eds/bin/gnu/h-i686-mingw32/bin/../lib/gcc/nios2-elf/4.1.2/../../../../nios2-elf/lib\libc.a(lib_a-__atexit.o)
                                0x524 (size before relaxing)
 .debug_str     0x00000ba8       0x7b c:/altera/nios2eds/bin/gnu/h-i686-mingw32/bin/../lib/gcc/nios2-elf/4.1.2/../../../../nios2-elf/lib\libc.a(lib_a-__call_atexit.o)
                                0x54e (size before relaxing)
 .debug_str     0x00000c23       0x1c ../media_bsp/\libhal_bsp.a(alt_exit.o)

.debug_loc      0x00000000     0x128b
 *(.debug_loc)
 .debug_loc     0x00000000      0x15a obj/default/media.o
 .debug_loc     0x0000015a       0xca c:/altera/nios2eds/bin/gnu/h-i686-mingw32/bin/../lib/gcc/nios2-elf/4.1.2/../../../../nios2-elf/lib\libc.a(lib_a-memcpy.o)
 .debug_loc     0x00000224       0x56 ../media_bsp/\libhal_bsp.a(alt_load.o)
 .debug_loc     0x0000027a       0x2b ../media_bsp/\libhal_bsp.a(alt_main.o)
 .debug_loc     0x000002a5       0x81 ../media_bsp/\libhal_bsp.a(alt_sys_init.o)
 .debug_loc     0x00000326       0xac ../media_bsp/\libhal_bsp.a(altera_avalon_jtag_uart_fd.o)
 .debug_loc     0x000003d2       0xac ../media_bsp/\libhal_bsp.a(altera_avalon_jtag_uart_init.o)
 .debug_loc     0x0000047e       0x2b ../media_bsp/\libhal_bsp.a(altera_avalon_jtag_uart_ioctl.o)
 .debug_loc     0x000004a9       0x2b ../media_bsp/\libhal_bsp.a(altera_avalon_jtag_uart_read.o)
 .debug_loc     0x000004d4       0x2b ../media_bsp/\libhal_bsp.a(altera_avalon_jtag_uart_write.o)
 .debug_loc     0x000004ff       0x56 ../media_bsp/\libhal_bsp.a(altera_avalon_timer_sc.o)
 .debug_loc     0x00000555      0x22f ../media_bsp/\libhal_bsp.a(altera_up_avalon_character_lcd.o)
 .debug_loc     0x00000784       0xd7 ../media_bsp/\libhal_bsp.a(altera_up_avalon_video_character_buffer_with_dma.o)
 .debug_loc     0x0000085b       0x2b ../media_bsp/\libhal_bsp.a(alt_alarm_start.o)
 .debug_loc     0x00000886       0x56 ../media_bsp/\libhal_bsp.a(alt_close.o)
 .debug_loc     0x000008dc       0x2b ../media_bsp/\libhal_bsp.a(alt_dcache_flush_all.o)
 .debug_loc     0x00000907       0x2b ../media_bsp/\libhal_bsp.a(alt_dev.o)
 .debug_loc     0x00000932       0x56 ../media_bsp/\libhal_bsp.a(alt_dev_llist_insert.o)
 .debug_loc     0x00000988       0x2b ../media_bsp/\libhal_bsp.a(alt_do_ctors.o)
 .debug_loc     0x000009b3       0x2b ../media_bsp/\libhal_bsp.a(alt_do_dtors.o)
 .debug_loc     0x000009de       0x2b ../media_bsp/\libhal_bsp.a(alt_find_dev.o)
 .debug_loc     0x00000a09       0x2b ../media_bsp/\libhal_bsp.a(alt_icache_flush_all.o)
 .debug_loc     0x00000a34       0xac ../media_bsp/\libhal_bsp.a(alt_iic.o)
 .debug_loc     0x00000ae0       0x2b ../media_bsp/\libhal_bsp.a(alt_iic_isr_register.o)
 .debug_loc     0x00000b0b       0x56 ../media_bsp/\libhal_bsp.a(alt_io_redirect.o)
 .debug_loc     0x00000b61       0x2b ../media_bsp/\libhal_bsp.a(alt_irq_handler.o)
 .debug_loc     0x00000b8c       0x81 ../media_bsp/\libhal_bsp.a(alt_open.o)
 .debug_loc     0x00000c0d       0x2b ../media_bsp/\libhal_bsp.a(alt_release_fd.o)
 .debug_loc     0x00000c38       0x56 ../media_bsp/\libhal_bsp.a(alt_tick.o)
 .debug_loc     0x00000c8e       0x2b ../media_bsp/\libhal_bsp.a(altera_nios2_qsys_irq.o)
 .debug_loc     0x00000cb9       0x2b ../media_bsp/\libhal_bsp.a(alt_find_file.o)
 .debug_loc     0x00000ce4       0x2b ../media_bsp/\libhal_bsp.a(alt_get_fd.o)
 .debug_loc     0x00000d0f       0x2b ../media_bsp/\libhal_bsp.a(alt_icache_flush.o)
 .debug_loc     0x00000d3a       0x1e c:/altera/nios2eds/bin/gnu/h-i686-mingw32/bin/../lib/gcc/nios2-elf/4.1.2/../../../../nios2-elf/lib\libc.a(lib_a-atexit.o)
 .debug_loc     0x00000d58       0x3d c:/altera/nios2eds/bin/gnu/h-i686-mingw32/bin/../lib/gcc/nios2-elf/4.1.2/../../../../nios2-elf/lib\libc.a(lib_a-exit.o)
 .debug_loc     0x00000d95      0x114 c:/altera/nios2eds/bin/gnu/h-i686-mingw32/bin/../lib/gcc/nios2-elf/4.1.2/../../../../nios2-elf/lib\libc.a(lib_a-memcmp.o)
 .debug_loc     0x00000ea9       0x65 c:/altera/nios2eds/bin/gnu/h-i686-mingw32/bin/../lib/gcc/nios2-elf/4.1.2/../../../../nios2-elf/lib\libc.a(lib_a-strcmp.o)
 .debug_loc     0x00000f0e       0x3c c:/altera/nios2eds/bin/gnu/h-i686-mingw32/bin/../lib/gcc/nios2-elf/4.1.2/../../../../nios2-elf/lib\libc.a(lib_a-strlen.o)
 .debug_loc     0x00000f4a      0x120 c:/altera/nios2eds/bin/gnu/h-i686-mingw32/bin/../lib/gcc/nios2-elf/4.1.2/../../../../nios2-elf/lib\libc.a(lib_a-__atexit.o)
 .debug_loc     0x0000106a      0x1cb c:/altera/nios2eds/bin/gnu/h-i686-mingw32/bin/../lib/gcc/nios2-elf/4.1.2/../../../../nios2-elf/lib\libc.a(lib_a-__call_atexit.o)
 .debug_loc     0x00001235       0x56 ../media_bsp/\libhal_bsp.a(alt_exit.o)

.debug_macinfo
 *(.debug_macinfo)

.debug_weaknames
 *(.debug_weaknames)

.debug_funcnames
 *(.debug_funcnames)

.debug_typenames
 *(.debug_typenames)

.debug_varnames
 *(.debug_varnames)

.debug_alt_sim_info
                0x00000000       0x20
 *(.debug_alt_sim_info)
 .debug_alt_sim_info
                0x00000000       0x20 ../media_bsp//obj/HAL/src/crt0.o
                0x08000000                __alt_data_end = 0x8000000
                0x08000000                PROVIDE (__alt_stack_pointer, __alt_data_end)
                0x0000688c                PROVIDE (__alt_stack_limit, __alt_stack_base)
                0x0000688c                PROVIDE (__alt_heap_start, end)
                0x08000000                PROVIDE (__alt_heap_limit, 0x8000000)
OUTPUT(media.elf elf32-littlenios2)

.debug_ranges   0x00000000       0x90
 .debug_ranges  0x00000000       0x20 ../media_bsp//obj/HAL/src/crt0.o
 .debug_ranges  0x00000020       0x28 ../media_bsp/\libhal_bsp.a(alt_irq_entry.o)
 .debug_ranges  0x00000048       0x30 ../media_bsp/\libhal_bsp.a(alt_exception_entry.o)
 .debug_ranges  0x00000078       0x18 c:/altera/nios2eds/bin/gnu/h-i686-mingw32/bin/../lib/gcc/nios2-elf/4.1.2/../../../../nios2-elf/lib\libc.a(lib_a-__call_atexit.o)
